11:27:48 **** Clean-only build of configuration Debug for project LPC1769_asm_blinky ****
make clean 
rm -rf  ./src/asm.o  LPC1769_asm_blinky.axf
 
11:27:50 **** Build of configuration Debug for project LPC1769_asm_blinky ****
make all 
Building file: ../src/asm.s
Invoking: MCU Assembler
arm-none-eabi-gcc -c -x assembler-with-cpp -D__REDLIB__  -DDEBUG -D__CODE_RED -g3 -mcpu=cortex-m3 -mthumb -o "src/asm.o" "../src/asm.s"
Finished building: ../src/asm.s
 
Building target: LPC1769_asm_blinky.axf
Invoking: MCU Linker
arm-none-eabi-gcc -nostdlib -Xlinker -Map=LPC1769_asm_blinky.map -Xlinker --gc-sections -mcpu=cortex-m3 -mthumb -T "LPC1769_asm_blinky_Debug.ld" -o "LPC1769_asm_blinky.axf"  ./src/asm.o   
Finished building target: LPC1769_asm_blinky.axf
 
make --no-print-directory post-build
Performing post-build steps
arm-none-eabi-size LPC1769_asm_blinky.axf; # arm-none-eabi-objcopy -O binary LPC1769_asm_blinky.axf LPC1769_asm_blinky.bin ; checksum -p LPC1768 -d LPC1769_asm_blinky.bin;
   text	   data	    bss	    dec	    hex	filename
    100	      0	      0	    100	     64	LPC1769_asm_blinky.axf
 
11:28:20 **** Incremental Build of configuration Debug for project LPC1769_asm_blinky ****
make all 
make: Nothing to be done for `all'.
11:33:34 **** Incremental Build of configuration Debug for project LPC1769_asm_blinky ****
make all 
make: Nothing to be done for `all'.
11:33:40 **** Build of configuration Debug for project asm_cube ****
make all 
Building file: ../src/asm.s
Invoking: MCU Assembler
arm-none-eabi-gcc -c -x assembler-with-cpp -D__REDLIB__  -DDEBUG -D__CODE_RED -g3 -mcpu=cortex-m3 -mthumb -o "src/asm.o" "../src/asm.s"
Command canceled
11:33:45 **** Build of configuration Debug for project asm_cube ****
make all 
Building file: ../src/asm.s
Invoking: MCU Assembler
arm-none-eabi-gcc -c -x assembler-with-cpp -D__REDLIB__  -DDEBUG -D__CODE_RED -g3 -mcpu=cortex-m3 -mthumb -o "src/asm.o" "../src/asm.s"
Finished building: ../src/asm.s
 
Building target: asm_cube.axf
Invoking: MCU Linker
arm-none-eabi-gcc -nostdlib -Tbss 0x10004000 -Xlinker -Map=asm_cube.map -Xlinker --gc-sections -mcpu=cortex-m3 -mthumb -T "asm_cube_Debug.ld" -o "asm_cube.axf"  ./src/asm.o   
Finished building target: asm_cube.axf
 
make --no-print-directory post-build
Performing post-build steps
arm-none-eabi-size asm_cube.axf; # arm-none-eabi-objcopy -O binary asm_cube.axf asm_cube.bin ; checksum -p LPC1769 -d asm_cube.bin;
   text	   data	    bss	    dec	    hex	filename
     76	      0	      4	     80	     50	asm_cube.axf
 
11:35:41 **** Incremental Build of configuration Debug for project asm_cube ****
make all 
make: Nothing to be done for `all'.
11:39:55 **** Incremental Build of configuration Debug for project asm_cube ****
make all 
make: Nothing to be done for `all'.
17:08:22 **** Incremental Build of configuration Debug for project LPC1769_asm_blinky ****
make all 
make: Nothing to be done for `all'.
17:08:54 **** Incremental Build of configuration Debug for project LPC1769_asm_blinky ****
make all 
make: Nothing to be done for `all'.
17:09:23 **** Incremental Build of configuration Debug for project LPC1769_asm_blinky ****
make all 
make: Nothing to be done for `all'.
17:12:16 **** Incremental Build of configuration Debug for project asm_cube ****
make all 
Building file: ../src/asm.s
Invoking: MCU Assembler
arm-none-eabi-gcc -c -x assembler-with-cpp -D__REDLIB__  -DDEBUG -D__CODE_RED -g3 -mcpu=cortex-m3 -mthumb -o "src/asm.o" "../src/asm.s"
Finished building: ../src/asm.s
 
Building target: asm_cube.axf
Invoking: MCU Linker
arm-none-eabi-gcc -nostdlib -Tbss 0x10004000 -Xlinker -Map=asm_cube.map -Xlinker --gc-sections -mcpu=cortex-m3 -mthumb -T "asm_cube_Debug.ld" -o "asm_cube.axf"  ./src/asm.o   
Finished building target: asm_cube.axf
 
make --no-print-directory post-build
Performing post-build steps
arm-none-eabi-size asm_cube.axf; # arm-none-eabi-objcopy -O binary asm_cube.axf asm_cube.bin ; checksum -p LPC1769 -d asm_cube.bin;
   text	   data	    bss	    dec	    hex	filename
     68	      0	      0	     68	     44	asm_cube.axf
 
17:12:49 **** Incremental Build of configuration Debug for project asm_cube ****
make all 
make: Nothing to be done for `all'.
17:13:08 **** Incremental Build of configuration Debug for project asm_cube ****
make all 
Building file: ../src/asm.s
Invoking: MCU Assembler
arm-none-eabi-gcc -c -x assembler-with-cpp -D__REDLIB__  -DDEBUG -D__CODE_RED -g3 -mcpu=cortex-m3 -mthumb -o "src/asm.o" "../src/asm.s"
Finished building: ../src/asm.s
 
Building target: asm_cube.axf
Invoking: MCU Linker
arm-none-eabi-gcc -nostdlib -Tbss 0x10004000 -Xlinker -Map=asm_cube.map -Xlinker --gc-sections -mcpu=cortex-m3 -mthumb -T "asm_cube_Debug.ld" -o "asm_cube.axf"  ./src/asm.o   
Finished building target: asm_cube.axf
 
make --no-print-directory post-build
Performing post-build steps
arm-none-eabi-size asm_cube.axf; # arm-none-eabi-objcopy -O binary asm_cube.axf asm_cube.bin ; checksum -p LPC1769 -d asm_cube.bin;
   text	   data	    bss	    dec	    hex	filename
     72	      0	      4	     76	     4c	asm_cube.axf
 
17:13:15 **** Incremental Build of configuration Debug for project asm_cube ****
make all 
make: Nothing to be done for `all'.
17:13:24 **** Incremental Build of configuration Debug for project asm_cube ****
make all 
make: Nothing to be done for `all'.
17:14:29 **** Incremental Build of configuration Debug for project asm_cube ****
make all 
make: Nothing to be done for `all'.
17:15:07 **** Incremental Build of configuration Debug for project asm_cube ****
make all 
make: Nothing to be done for `all'.
17:15:31 **** Incremental Build of configuration Debug for project asm_cube ****
make all 
make: Nothing to be done for `all'.
17:16:01 **** Incremental Build of configuration Debug for project LPC1769_asm_blinky ****
make all 
make: Nothing to be done for `all'.
17:16:45 **** Incremental Build of configuration Debug for project asm_cube ****
make all 
make: Nothing to be done for `all'.
17:18:36 **** Incremental Build of configuration Debug for project asm_cube ****
make all 
Building file: ../src/asm.s
Invoking: MCU Assembler
arm-none-eabi-gcc -c -x assembler-with-cpp -D__REDLIB__  -DDEBUG -D__CODE_RED -g3 -mcpu=cortex-m3 -mthumb -o "src/asm.o" "../src/asm.s"
Finished building: ../src/asm.s
 
Building target: asm_cube.axf
Invoking: MCU Linker
arm-none-eabi-gcc -nostdlib -Tbss 0x10004000 -Xlinker -Map=asm_cube.map -Xlinker --gc-sections -mcpu=cortex-m3 -mthumb -T "asm_cube_Debug.ld" -o "asm_cube.axf"  ./src/asm.o   
Finished building target: asm_cube.axf
 
make --no-print-directory post-build
Performing post-build steps
arm-none-eabi-size asm_cube.axf; # arm-none-eabi-objcopy -O binary asm_cube.axf asm_cube.bin ; checksum -p LPC1769 -d asm_cube.bin;
   text	   data	    bss	    dec	    hex	filename
     72	      0	      4	     76	     4c	asm_cube.axf
 
17:19:49 **** Incremental Build of configuration Debug for project asm_cube ****
make all 
Building file: ../src/asm.s
Invoking: MCU Assembler
arm-none-eabi-gcc -c -x assembler-with-cpp -D__REDLIB__  -DDEBUG -D__CODE_RED -g3 -mcpu=cortex-m3 -mthumb -o "src/asm.o" "../src/asm.s"
../src/asm.s: Assembler messages:
../src/asm.s:42: Error: ARM register expected -- `mul R0,R0,A'
make: *** [src/asm.o] Error 1
17:19:58 **** Incremental Build of configuration Debug for project asm_cube ****
make all 
Building file: ../src/asm.s
Invoking: MCU Assembler
arm-none-eabi-gcc -c -x assembler-with-cpp -D__REDLIB__  -DDEBUG -D__CODE_RED -g3 -mcpu=cortex-m3 -mthumb -o "src/asm.o" "../src/asm.s"
../src/asm.s: Assembler messages:
../src/asm.s:42: Error: ARM register expected -- `mul R0,R0,A'
make: *** [src/asm.o] Error 1
17:20:13 **** Incremental Build of configuration Debug for project asm_cube ****
make all 
Building file: ../src/asm.s
Invoking: MCU Assembler
arm-none-eabi-gcc -c -x assembler-with-cpp -D__REDLIB__  -DDEBUG -D__CODE_RED -g3 -mcpu=cortex-m3 -mthumb -o "src/asm.o" "../src/asm.s"
../src/asm.s: Assembler messages:
../src/asm.s:42: Error: ARM register expected -- `mul R0,A'
make: *** [src/asm.o] Error 1
17:21:23 **** Incremental Build of configuration Debug for project asm_cube ****
make all 
Building file: ../src/asm.s
Invoking: MCU Assembler
arm-none-eabi-gcc -c -x assembler-with-cpp -D__REDLIB__  -DDEBUG -D__CODE_RED -g3 -mcpu=cortex-m3 -mthumb -o "src/asm.o" "../src/asm.s"
../src/asm.s: Assembler messages:
../src/asm.s:43: Error: ARM register expected -- `mul R0,A,R0'
make: *** [src/asm.o] Error 1
17:24:12 **** Incremental Build of configuration Debug for project asm_cube ****
make all 
Building file: ../src/asm.s
Invoking: MCU Assembler
arm-none-eabi-gcc -c -x assembler-with-cpp -D__REDLIB__  -DDEBUG -D__CODE_RED -g3 -mcpu=cortex-m3 -mthumb -o "src/asm.o" "../src/asm.s"
Finished building: ../src/asm.s
 
Building target: asm_cube.axf
Invoking: MCU Linker
arm-none-eabi-gcc -nostdlib -Tbss 0x10004000 -Xlinker -Map=asm_cube.map -Xlinker --gc-sections -mcpu=cortex-m3 -mthumb -T "asm_cube_Debug.ld" -o "asm_cube.axf"  ./src/asm.o   
Finished building target: asm_cube.axf
 
make --no-print-directory post-build
Performing post-build steps
arm-none-eabi-size asm_cube.axf; # arm-none-eabi-objcopy -O binary asm_cube.axf asm_cube.bin ; checksum -p LPC1769 -d asm_cube.bin;
   text	   data	    bss	    dec	    hex	filename
     72	      0	      4	     76	     4c	asm_cube.axf
 
17:25:26 **** Incremental Build of configuration Debug for project asm_cube ****
make all 
Building file: ../src/asm.s
Invoking: MCU Assembler
arm-none-eabi-gcc -c -x assembler-with-cpp -D__REDLIB__  -DDEBUG -D__CODE_RED -g3 -mcpu=cortex-m3 -mthumb -o "src/asm.o" "../src/asm.s"
Finished building: ../src/asm.s
 
Building target: asm_cube.axf
Invoking: MCU Linker
arm-none-eabi-gcc -nostdlib -Tbss 0x10004000 -Xlinker -Map=asm_cube.map -Xlinker --gc-sections -mcpu=cortex-m3 -mthumb -T "asm_cube_Debug.ld" -o "asm_cube.axf"  ./src/asm.o   
Finished building target: asm_cube.axf
 
make --no-print-directory post-build
Performing post-build steps
arm-none-eabi-size asm_cube.axf; # arm-none-eabi-objcopy -O binary asm_cube.axf asm_cube.bin ; checksum -p LPC1769 -d asm_cube.bin;
   text	   data	    bss	    dec	    hex	filename
     72	      0	      4	     76	     4c	asm_cube.axf
 
17:34:16 **** Build of configuration Debug for project asm_hypotenuse ****
make all 
Building file: ../src/asm.s
Invoking: MCU Assembler
arm-none-eabi-gcc -c -x assembler-with-cpp -D__REDLIB__  -DDEBUG -D__CODE_RED -g3 -mcpu=cortex-m3 -mthumb -o "src/asm.o" "../src/asm.s"
../src/asm.s: Assembler messages:
../src/asm.s:55: Error: ARM register expected -- `mul R3,R3,side1'
../src/asm.s:57: Error: ARM register expected -- `mul R4,R4,side2'
make: *** [src/asm.o] Error 1
17:36:37 **** Incremental Build of configuration Debug for project asm_hypotenuse ****
make all 
Building file: ../src/asm.s
Invoking: MCU Assembler
arm-none-eabi-gcc -c -x assembler-with-cpp -D__REDLIB__  -DDEBUG -D__CODE_RED -g3 -mcpu=cortex-m3 -mthumb -o "src/asm.o" "../src/asm.s"
../src/asm.s: Assembler messages:
../src/asm.s:55: Error: ARM register expected -- `mul R6,R3,side1'
make: *** [src/asm.o] Error 1
17:36:51 **** Incremental Build of configuration Debug for project asm_hypotenuse ****
make all 
Building file: ../src/asm.s
Invoking: MCU Assembler
arm-none-eabi-gcc -c -x assembler-with-cpp -D__REDLIB__  -DDEBUG -D__CODE_RED -g3 -mcpu=cortex-m3 -mthumb -o "src/asm.o" "../src/asm.s"
../src/asm.s: Assembler messages:
../src/asm.s:46: Error: ARM register expected -- `mul R6,R3,side1'
make: *** [src/asm.o] Error 1
17:39:17 **** Build of configuration Debug for project asm_hypotenuse ****
make all 
Building file: ../src/asm.s
Invoking: MCU Assembler
arm-none-eabi-gcc -c -x assembler-with-cpp -D__REDLIB__  -DDEBUG -D__CODE_RED -g3 -mcpu=cortex-m3 -mthumb -o "src/asm.o" "../src/asm.s"
../src/asm.s: Assembler messages:
../src/asm.s:41: Error: ARM register expected -- `mul R0,R0,A'
../src/asm.s:42: Error: ARM register expected -- `mul R1,R1,B'
make: *** [src/asm.o] Error 1
17:40:08 **** Incremental Build of configuration Debug for project asm_hypotenuse ****
make all 
Building file: ../src/asm.s
Invoking: MCU Assembler
arm-none-eabi-gcc -c -x assembler-with-cpp -D__REDLIB__  -DDEBUG -D__CODE_RED -g3 -mcpu=cortex-m3 -mthumb -o "src/asm.o" "../src/asm.s"
Finished building: ../src/asm.s
 
Building target: asm_hypotenuse.axf
Invoking: MCU Linker
arm-none-eabi-gcc -nostdlib -Tbss 0x10004000 -Xlinker -Map=asm_hypotenuse.map -Xlinker --gc-sections -mcpu=cortex-m3 -mthumb -T "asm_hypotenuse_Debug.ld" -o "asm_hypotenuse.axf"  ./src/asm.o   
Finished building target: asm_hypotenuse.axf
 
make --no-print-directory post-build
Performing post-build steps
arm-none-eabi-size asm_hypotenuse.axf; # arm-none-eabi-objcopy -O binary asm_hypotenuse.axf asm_hypotenuse.bin ; checksum -p LPC1769 -d asm_hypotenuse.bin;
   text	   data	    bss	    dec	    hex	filename
     56	      0	      0	     56	     38	asm_hypotenuse.axf
 
17:41:14 **** Incremental Build of configuration Debug for project asm_hypotenuse ****
make all 
Building file: ../src/asm.s
Invoking: MCU Assembler
arm-none-eabi-gcc -c -x assembler-with-cpp -D__REDLIB__  -DDEBUG -D__CODE_RED -g3 -mcpu=cortex-m3 -mthumb -o "src/asm.o" "../src/asm.s"
Finished building: ../src/asm.s
 
Building target: asm_hypotenuse.axf
Invoking: MCU Linker
arm-none-eabi-gcc -nostdlib -Tbss 0x10004000 -Xlinker -Map=asm_hypotenuse.map -Xlinker --gc-sections -mcpu=cortex-m3 -mthumb -T "asm_hypotenuse_Debug.ld" -o "asm_hypotenuse.axf"  ./src/asm.o   
Finished building target: asm_hypotenuse.axf
 
make --no-print-directory post-build
Performing post-build steps
arm-none-eabi-size asm_hypotenuse.axf; # arm-none-eabi-objcopy -O binary asm_hypotenuse.axf asm_hypotenuse.bin ; checksum -p LPC1769 -d asm_hypotenuse.bin;
   text	   data	    bss	    dec	    hex	filename
     60	      0	      0	     60	     3c	asm_hypotenuse.axf
 
17:43:22 **** Incremental Build of configuration Debug for project asm_hypotenuse ****
make all 
Building file: ../src/asm.s
Invoking: MCU Assembler
arm-none-eabi-gcc -c -x assembler-with-cpp -D__REDLIB__  -DDEBUG -D__CODE_RED -g3 -mcpu=cortex-m3 -mthumb -o "src/asm.o" "../src/asm.s"
../src/asm.s: Assembler messages:
../src/asm.s:43: Error: cannot represent T32_OFFSET_IMM relocation in this object file format
../src/asm.s:44: Error: cannot represent T32_OFFSET_IMM relocation in this object file format
make: *** [src/asm.o] Error 1
17:44:44 **** Incremental Build of configuration Debug for project asm_hypotenuse ****
make all 
Building file: ../src/asm.s
Invoking: MCU Assembler
arm-none-eabi-gcc -c -x assembler-with-cpp -D__REDLIB__  -DDEBUG -D__CODE_RED -g3 -mcpu=cortex-m3 -mthumb -o "src/asm.o" "../src/asm.s"
Finished building: ../src/asm.s
 
Building target: asm_hypotenuse.axf
Invoking: MCU Linker
arm-none-eabi-gcc -nostdlib -Tbss 0x10004000 -Xlinker -Map=asm_hypotenuse.map -Xlinker --gc-sections -mcpu=cortex-m3 -mthumb -T "asm_hypotenuse_Debug.ld" -o "asm_hypotenuse.axf"  ./src/asm.o   
Finished building target: asm_hypotenuse.axf
 
make --no-print-directory post-build
Performing post-build steps
arm-none-eabi-size asm_hypotenuse.axf; # arm-none-eabi-objcopy -O binary asm_hypotenuse.axf asm_hypotenuse.bin ; checksum -p LPC1769 -d asm_hypotenuse.bin;
   text	   data	    bss	    dec	    hex	filename
     72	      0	     12	     84	     54	asm_hypotenuse.axf
 
17:46:26 **** Incremental Build of configuration Debug for project asm_hypotenuse ****
make all 
Building file: ../src/asm.s
Invoking: MCU Assembler
arm-none-eabi-gcc -c -x assembler-with-cpp -D__REDLIB__  -DDEBUG -D__CODE_RED -g3 -mcpu=cortex-m3 -mthumb -o "src/asm.o" "../src/asm.s"
Finished building: ../src/asm.s
 
Building target: asm_hypotenuse.axf
Invoking: MCU Linker
arm-none-eabi-gcc -nostdlib -Tbss 0x10004000 -Xlinker -Map=asm_hypotenuse.map -Xlinker --gc-sections -mcpu=cortex-m3 -mthumb -T "asm_hypotenuse_Debug.ld" -o "asm_hypotenuse.axf"  ./src/asm.o   
Finished building target: asm_hypotenuse.axf
 
make --no-print-directory post-build
Performing post-build steps
arm-none-eabi-size asm_hypotenuse.axf; # arm-none-eabi-objcopy -O binary asm_hypotenuse.axf asm_hypotenuse.bin ; checksum -p LPC1769 -d asm_hypotenuse.bin;
   text	   data	    bss	    dec	    hex	filename
     68	      0	     12	     80	     50	asm_hypotenuse.axf
 
17:46:30 **** Incremental Build of configuration Debug for project asm_hypotenuse ****
make all 
make: Nothing to be done for `all'.
17:46:40 **** Incremental Build of configuration Debug for project asm_hypotenuse ****
make all 
make: Nothing to be done for `all'.
17:53:40 **** Incremental Build of configuration Debug for project asm_hypotenuse ****
make all 
Building file: ../src/asm.s
Invoking: MCU Assembler
arm-none-eabi-gcc -c -x assembler-with-cpp -D__REDLIB__  -DDEBUG -D__CODE_RED -g3 -mcpu=cortex-m3 -mthumb -o "src/asm.o" "../src/asm.s"
../src/asm.s: Assembler messages:
../src/asm.s:47: Error: ARM register expected -- `str C,R4'
make: *** [src/asm.o] Error 1
17:54:01 **** Incremental Build of configuration Debug for project asm_hypotenuse ****
make all 
Building file: ../src/asm.s
Invoking: MCU Assembler
arm-none-eabi-gcc -c -x assembler-with-cpp -D__REDLIB__  -DDEBUG -D__CODE_RED -g3 -mcpu=cortex-m3 -mthumb -o "src/asm.o" "../src/asm.s"
Finished building: ../src/asm.s
 
Building target: asm_hypotenuse.axf
Invoking: MCU Linker
arm-none-eabi-gcc -nostdlib -Tbss 0x10004000 -Xlinker -Map=asm_hypotenuse.map -Xlinker --gc-sections -mcpu=cortex-m3 -mthumb -T "asm_hypotenuse_Debug.ld" -o "asm_hypotenuse.axf"  ./src/asm.o   
Finished building target: asm_hypotenuse.axf
 
make --no-print-directory post-build
Performing post-build steps
arm-none-eabi-size asm_hypotenuse.axf; # arm-none-eabi-objcopy -O binary asm_hypotenuse.axf asm_hypotenuse.bin ; checksum -p LPC1769 -d asm_hypotenuse.bin;
   text	   data	    bss	    dec	    hex	filename
     92	      0	     12	    104	     68	asm_hypotenuse.axf
 
18:03:00 **** Incremental Build of configuration Debug for project asm_hypotenuse ****
make all 
Building file: ../src/asm.s
Invoking: MCU Assembler
arm-none-eabi-gcc -c -x assembler-with-cpp -D__REDLIB__  -DDEBUG -D__CODE_RED -g3 -mcpu=cortex-m3 -mthumb -o "src/asm.o" "../src/asm.s"
../src/asm.s: Assembler messages:
../src/asm.s:54: Error: bad instruction `jne loop'
../src/asm.s:55: Error: bad instruction `je endy'
make: *** [src/asm.o] Error 1
18:06:53 **** Incremental Build of configuration Debug for project asm_hypotenuse ****
make all 
Building file: ../src/asm.s
Invoking: MCU Assembler
arm-none-eabi-gcc -c -x assembler-with-cpp -D__REDLIB__  -DDEBUG -D__CODE_RED -g3 -mcpu=cortex-m3 -mthumb -o "src/asm.o" "../src/asm.s"
../src/asm.s: Assembler messages:
../src/asm.s:54: Error: bad instruction `jne loop'
../src/asm.s:56: Error: bad instruction `je endy'
make: *** [src/asm.o] Error 1
18:07:39 **** Incremental Build of configuration Debug for project asm_hypotenuse ****
make all 
Building file: ../src/asm.s
Invoking: MCU Assembler
arm-none-eabi-gcc -c -x assembler-with-cpp -D__REDLIB__  -DDEBUG -D__CODE_RED -g3 -mcpu=cortex-m3 -mthumb -o "src/asm.o" "../src/asm.s"
../src/asm.s: Assembler messages:
../src/asm.s:54: Error: bad instruction `jne loop'
../src/asm.s:56: Error: bad instruction `je endy'
make: *** [src/asm.o] Error 1
18:07:52 **** Incremental Build of configuration Debug for project asm_hypotenuse ****
make all 
Building file: ../src/asm.s
Invoking: MCU Assembler
arm-none-eabi-gcc -c -x assembler-with-cpp -D__REDLIB__  -DDEBUG -D__CODE_RED -g3 -mcpu=cortex-m3 -mthumb -o "src/asm.o" "../src/asm.s"
../src/asm.s: Assembler messages:
../src/asm.s:54: Error: bad instruction `jne endy'
../src/asm.s:56: Error: bad instruction `je endy'
make: *** [src/asm.o] Error 1
18:09:36 **** Incremental Build of configuration Debug for project asm_hypotenuse ****
make all 
Building file: ../src/asm.s
Invoking: MCU Assembler
arm-none-eabi-gcc -c -x assembler-with-cpp -D__REDLIB__  -DDEBUG -D__CODE_RED -g3 -mcpu=cortex-m3 -mthumb -o "src/asm.o" "../src/asm.s"
../src/asm.s: Assembler messages:
../src/asm.s:54: Error: bad instruction `jne loop'
../src/asm.s:56: Error: bad instruction `je endy'
make: *** [src/asm.o] Error 1
18:09:51 **** Incremental Build of configuration Debug for project asm_hypotenuse ****
make all 
Building file: ../src/asm.s
Invoking: MCU Assembler
arm-none-eabi-gcc -c -x assembler-with-cpp -D__REDLIB__  -DDEBUG -D__CODE_RED -g3 -mcpu=cortex-m3 -mthumb -o "src/asm.o" "../src/asm.s"
Finished building: ../src/asm.s
 
Building target: asm_hypotenuse.axf
Invoking: MCU Linker
arm-none-eabi-gcc -nostdlib -Tbss 0x10004000 -Xlinker -Map=asm_hypotenuse.map -Xlinker --gc-sections -mcpu=cortex-m3 -mthumb -T "asm_hypotenuse_Debug.ld" -o "asm_hypotenuse.axf"  ./src/asm.o   
Finished building target: asm_hypotenuse.axf
 
make --no-print-directory post-build
Performing post-build steps
arm-none-eabi-size asm_hypotenuse.axf; # arm-none-eabi-objcopy -O binary asm_hypotenuse.axf asm_hypotenuse.bin ; checksum -p LPC1769 -d asm_hypotenuse.bin;
   text	   data	    bss	    dec	    hex	filename
     96	      0	     12	    108	     6c	asm_hypotenuse.axf
 
18:10:37 **** Incremental Build of configuration Debug for project asm_hypotenuse ****
make all 
make: Nothing to be done for `all'.
18:11:06 **** Incremental Build of configuration Debug for project asm_hypotenuse ****
make all 
make: Nothing to be done for `all'.
18:11:58 **** Incremental Build of configuration Debug for project asm_hypotenuse ****
make all 
make: Nothing to be done for `all'.
18:12:41 **** Incremental Build of configuration Debug for project asm_hypotenuse ****
make all 
make: Nothing to be done for `all'.
18:14:43 **** Incremental Build of configuration Debug for project asm_hypotenuse ****
make all 
Building file: ../src/asm.s
Invoking: MCU Assembler
arm-none-eabi-gcc -c -x assembler-with-cpp -D__REDLIB__  -DDEBUG -D__CODE_RED -g3 -mcpu=cortex-m3 -mthumb -o "src/asm.o" "../src/asm.s"
Finished building: ../src/asm.s
 
Building target: asm_hypotenuse.axf
Invoking: MCU Linker
arm-none-eabi-gcc -nostdlib -Tbss 0x10004000 -Xlinker -Map=asm_hypotenuse.map -Xlinker --gc-sections -mcpu=cortex-m3 -mthumb -T "asm_hypotenuse_Debug.ld" -o "asm_hypotenuse.axf"  ./src/asm.o   
Finished building target: asm_hypotenuse.axf
 
make --no-print-directory post-build
Performing post-build steps
arm-none-eabi-size asm_hypotenuse.axf; # arm-none-eabi-objcopy -O binary asm_hypotenuse.axf asm_hypotenuse.bin ; checksum -p LPC1769 -d asm_hypotenuse.bin;
   text	   data	    bss	    dec	    hex	filename
    100	      0	     12	    112	     70	asm_hypotenuse.axf
 
18:15:15 **** Incremental Build of configuration Debug for project asm_hypotenuse ****
make all 
make: Nothing to be done for `all'.
18:16:19 **** Incremental Build of configuration Debug for project asm_hypotenuse ****
make all 
Building file: ../src/asm.s
Invoking: MCU Assembler
arm-none-eabi-gcc -c -x assembler-with-cpp -D__REDLIB__  -DDEBUG -D__CODE_RED -g3 -mcpu=cortex-m3 -mthumb -o "src/asm.o" "../src/asm.s"
Finished building: ../src/asm.s
 
Building target: asm_hypotenuse.axf
Invoking: MCU Linker
arm-none-eabi-gcc -nostdlib -Tbss 0x10004000 -Xlinker -Map=asm_hypotenuse.map -Xlinker --gc-sections -mcpu=cortex-m3 -mthumb -T "asm_hypotenuse_Debug.ld" -o "asm_hypotenuse.axf"  ./src/asm.o   
Finished building target: asm_hypotenuse.axf
 
make --no-print-directory post-build
Performing post-build steps
arm-none-eabi-size asm_hypotenuse.axf; # arm-none-eabi-objcopy -O binary asm_hypotenuse.axf asm_hypotenuse.bin ; checksum -p LPC1769 -d asm_hypotenuse.bin;
   text	   data	    bss	    dec	    hex	filename
     92	      0	     12	    104	     68	asm_hypotenuse.axf
 
18:16:29 **** Incremental Build of configuration Debug for project asm_hypotenuse ****
make all 
make: Nothing to be done for `all'.
18:16:59 **** Incremental Build of configuration Debug for project asm_hypotenuse ****
make all 
Building file: ../src/asm.s
Invoking: MCU Assembler
arm-none-eabi-gcc -c -x assembler-with-cpp -D__REDLIB__  -DDEBUG -D__CODE_RED -g3 -mcpu=cortex-m3 -mthumb -o "src/asm.o" "../src/asm.s"
Finished building: ../src/asm.s
 
Building target: asm_hypotenuse.axf
Invoking: MCU Linker
arm-none-eabi-gcc -nostdlib -Tbss 0x10004000 -Xlinker -Map=asm_hypotenuse.map -Xlinker --gc-sections -mcpu=cortex-m3 -mthumb -T "asm_hypotenuse_Debug.ld" -o "asm_hypotenuse.axf"  ./src/asm.o   
Finished building target: asm_hypotenuse.axf
 
make --no-print-directory post-build
Performing post-build steps
arm-none-eabi-size asm_hypotenuse.axf; # arm-none-eabi-objcopy -O binary asm_hypotenuse.axf asm_hypotenuse.bin ; checksum -p LPC1769 -d asm_hypotenuse.bin;
   text	   data	    bss	    dec	    hex	filename
     88	      0	     12	    100	     64	asm_hypotenuse.axf
 
18:18:31 **** Incremental Build of configuration Debug for project asm_hypotenuse ****
make all 
Building file: ../src/asm.s
Invoking: MCU Assembler
arm-none-eabi-gcc -c -x assembler-with-cpp -D__REDLIB__  -DDEBUG -D__CODE_RED -g3 -mcpu=cortex-m3 -mthumb -o "src/asm.o" "../src/asm.s"
Finished building: ../src/asm.s
 
Building target: asm_hypotenuse.axf
Invoking: MCU Linker
arm-none-eabi-gcc -nostdlib -Tbss 0x10004000 -Xlinker -Map=asm_hypotenuse.map -Xlinker --gc-sections -mcpu=cortex-m3 -mthumb -T "asm_hypotenuse_Debug.ld" -o "asm_hypotenuse.axf"  ./src/asm.o   
Finished building target: asm_hypotenuse.axf
 
make --no-print-directory post-build
Performing post-build steps
arm-none-eabi-size asm_hypotenuse.axf; # arm-none-eabi-objcopy -O binary asm_hypotenuse.axf asm_hypotenuse.bin ; checksum -p LPC1769 -d asm_hypotenuse.bin;
   text	   data	    bss	    dec	    hex	filename
     88	      0	     12	    100	     64	asm_hypotenuse.axf
 
18:19:15 **** Incremental Build of configuration Debug for project asm_hypotenuse ****
make all 
Building file: ../src/asm.s
Invoking: MCU Assembler
arm-none-eabi-gcc -c -x assembler-with-cpp -D__REDLIB__  -DDEBUG -D__CODE_RED -g3 -mcpu=cortex-m3 -mthumb -o "src/asm.o" "../src/asm.s"
../src/asm.s: Assembler messages:
../src/asm.s:54: Error: bad instruction `jne loop'
../src/asm.s:56: Error: bad instruction `je endy'
make: *** [src/asm.o] Error 1
18:19:43 **** Incremental Build of configuration Debug for project asm_hypotenuse ****
make all 
Building file: ../src/asm.s
Invoking: MCU Assembler
arm-none-eabi-gcc -c -x assembler-with-cpp -D__REDLIB__  -DDEBUG -D__CODE_RED -g3 -mcpu=cortex-m3 -mthumb -o "src/asm.o" "../src/asm.s"
Finished building: ../src/asm.s
 
Building target: asm_hypotenuse.axf
Invoking: MCU Linker
arm-none-eabi-gcc -nostdlib -Tbss 0x10004000 -Xlinker -Map=asm_hypotenuse.map -Xlinker --gc-sections -mcpu=cortex-m3 -mthumb -T "asm_hypotenuse_Debug.ld" -o "asm_hypotenuse.axf"  ./src/asm.o   
Finished building target: asm_hypotenuse.axf
 
make --no-print-directory post-build
Performing post-build steps
arm-none-eabi-size asm_hypotenuse.axf; # arm-none-eabi-objcopy -O binary asm_hypotenuse.axf asm_hypotenuse.bin ; checksum -p LPC1769 -d asm_hypotenuse.bin;
   text	   data	    bss	    dec	    hex	filename
     96	      0	     12	    108	     6c	asm_hypotenuse.axf
 
18:20:23 **** Incremental Build of configuration Debug for project asm_hypotenuse ****
make all 
make: Nothing to be done for `all'.
18:20:26 **** Incremental Build of configuration Debug for project asm_hypotenuse ****
make all 
make: Nothing to be done for `all'.
18:21:26 **** Incremental Build of configuration Debug for project asm_hypotenuse ****
make all 
Building file: ../src/asm.s
Invoking: MCU Assembler
arm-none-eabi-gcc -c -x assembler-with-cpp -D__REDLIB__  -DDEBUG -D__CODE_RED -g3 -mcpu=cortex-m3 -mthumb -o "src/asm.o" "../src/asm.s"
../src/asm.s: Assembler messages:
../src/asm.s:54: Error: bad instruction `je endy'
make: *** [src/asm.o] Error 1
18:25:07 **** Incremental Build of configuration Debug for project asm_hypotenuse ****
make all 
Building file: ../src/asm.s
Invoking: MCU Assembler
arm-none-eabi-gcc -c -x assembler-with-cpp -D__REDLIB__  -DDEBUG -D__CODE_RED -g3 -mcpu=cortex-m3 -mthumb -o "src/asm.o" "../src/asm.s"
Finished building: ../src/asm.s
 
Building target: asm_hypotenuse.axf
Invoking: MCU Linker
arm-none-eabi-gcc -nostdlib -Tbss 0x10004000 -Xlinker -Map=asm_hypotenuse.map -Xlinker --gc-sections -mcpu=cortex-m3 -mthumb -T "asm_hypotenuse_Debug.ld" -o "asm_hypotenuse.axf"  ./src/asm.o   
Finished building target: asm_hypotenuse.axf
 
make --no-print-directory post-build
Performing post-build steps
arm-none-eabi-size asm_hypotenuse.axf; # arm-none-eabi-objcopy -O binary asm_hypotenuse.axf asm_hypotenuse.bin ; checksum -p LPC1769 -d asm_hypotenuse.bin;
   text	   data	    bss	    dec	    hex	filename
    100	      0	     12	    112	     70	asm_hypotenuse.axf
 
18:27:56 **** Incremental Build of configuration Debug for project asm_hypotenuse ****
make all 
Building file: ../src/asm.s
Invoking: MCU Assembler
arm-none-eabi-gcc -c -x assembler-with-cpp -D__REDLIB__  -DDEBUG -D__CODE_RED -g3 -mcpu=cortex-m3 -mthumb -o "src/asm.o" "../src/asm.s"
../src/asm.s: Assembler messages:
../src/asm.s:54: Error: bad instruction `jmp loop'
make: *** [src/asm.o] Error 1
18:28:59 **** Incremental Build of configuration Debug for project asm_hypotenuse ****
make all 
Building file: ../src/asm.s
Invoking: MCU Assembler
arm-none-eabi-gcc -c -x assembler-with-cpp -D__REDLIB__  -DDEBUG -D__CODE_RED -g3 -mcpu=cortex-m3 -mthumb -o "src/asm.o" "../src/asm.s"
Finished building: ../src/asm.s
 
Building target: asm_hypotenuse.axf
Invoking: MCU Linker
arm-none-eabi-gcc -nostdlib -Tbss 0x10004000 -Xlinker -Map=asm_hypotenuse.map -Xlinker --gc-sections -mcpu=cortex-m3 -mthumb -T "asm_hypotenuse_Debug.ld" -o "asm_hypotenuse.axf"  ./src/asm.o   
Finished building target: asm_hypotenuse.axf
 
make --no-print-directory post-build
Performing post-build steps
arm-none-eabi-size asm_hypotenuse.axf; # arm-none-eabi-objcopy -O binary asm_hypotenuse.axf asm_hypotenuse.bin ; checksum -p LPC1769 -d asm_hypotenuse.bin;
   text	   data	    bss	    dec	    hex	filename
    100	      0	     12	    112	     70	asm_hypotenuse.axf
 
18:29:21 **** Incremental Build of configuration Debug for project asm_hypotenuse ****
make all 
Building file: ../src/asm.s
Invoking: MCU Assembler
arm-none-eabi-gcc -c -x assembler-with-cpp -D__REDLIB__  -DDEBUG -D__CODE_RED -g3 -mcpu=cortex-m3 -mthumb -o "src/asm.o" "../src/asm.s"
Finished building: ../src/asm.s
 
Building target: asm_hypotenuse.axf
Invoking: MCU Linker
arm-none-eabi-gcc -nostdlib -Tbss 0x10004000 -Xlinker -Map=asm_hypotenuse.map -Xlinker --gc-sections -mcpu=cortex-m3 -mthumb -T "asm_hypotenuse_Debug.ld" -o "asm_hypotenuse.axf"  ./src/asm.o   
Finished building target: asm_hypotenuse.axf
 
make --no-print-directory post-build
Performing post-build steps
arm-none-eabi-size asm_hypotenuse.axf; # arm-none-eabi-objcopy -O binary asm_hypotenuse.axf asm_hypotenuse.bin ; checksum -p LPC1769 -d asm_hypotenuse.bin;
   text	   data	    bss	    dec	    hex	filename
    100	      0	     12	    112	     70	asm_hypotenuse.axf
 
18:47:05 **** Build of configuration Debug for project LPC1769_asm_blinky ****
make all 
make: Nothing to be done for `all'.
21:06:10 **** Clean-only build of configuration Debug for project Lib_CMSISv1p30_LPC17xx ****
make clean 
rm -rf  ./src/core_cm3.o ./src/system_LPC17xx.o  ./src/core_cm3.d ./src/system_LPC17xx.d  libCMSISv1p30_LPC17xx.a
 
21:06:11 **** Build of configuration Debug for project Lib_CMSISv1p30_LPC17xx ****
make all 
Building file: ../src/core_cm3.c
Invoking: MCU C Compiler
arm-none-eabi-gcc -DDEBUG -D__CODE_RED -D__REDLIB__ -I"C:\Users\Razer\Documents\LPCXpresso_6.1.4_194\workspace1\Lib_CMSISv1p30_LPC17xx\inc" -O0 -g3 -Wall -c -fmessage-length=0 -fno-builtin -ffunction-sections -mcpu=cortex-m3 -mthumb -MMD -MP -MF"src/core_cm3.d" -MT"src/core_cm3.d" -o "src/core_cm3.o" "../src/core_cm3.c"
Finished building: ../src/core_cm3.c
 
Building file: ../src/system_LPC17xx.c
Invoking: MCU C Compiler
arm-none-eabi-gcc -DDEBUG -D__CODE_RED -D__REDLIB__ -I"C:\Users\Razer\Documents\LPCXpresso_6.1.4_194\workspace1\Lib_CMSISv1p30_LPC17xx\inc" -O0 -g3 -Wall -c -fmessage-length=0 -fno-builtin -ffunction-sections -mcpu=cortex-m3 -mthumb -MMD -MP -MF"src/system_LPC17xx.d" -MT"src/system_LPC17xx.d" -o "src/system_LPC17xx.o" "../src/system_LPC17xx.c"
Finished building: ../src/system_LPC17xx.c
 
Building target: libCMSISv1p30_LPC17xx.a
Invoking: MCU Archiver
arm-none-eabi-ar -r  "libCMSISv1p30_LPC17xx.a"  ./src/core_cm3.o ./src/system_LPC17xx.o   
c:\nxp\LPCXpresso_6.1.4_194\lpcxpresso\tools\bin\arm-none-eabi-ar.exe: creating libCMSISv1p30_LPC17xx.a
Finished building target: libCMSISv1p30_LPC17xx.a
 
make --no-print-directory post-build
Performing post-build steps
arm-none-eabi-size libCMSISv1p30_LPC17xx.a ; # arm-none-eabi-objdump -h -S libCMSISv1p30_LPC17xx.a >libCMSISv1p30_LPC17xx.lss
   text	   data	    bss	    dec	    hex	filename
    652	      0	      0	    652	    28c	core_cm3.o (ex libCMSISv1p30_LPC17xx.a)
   1276	      4	      0	   1280	    500	system_LPC17xx.o (ex libCMSISv1p30_LPC17xx.a)
 
21:06:12 **** Clean-only build of configuration Debug for project CG2028AssignS2AY2021 ****
make clean 
rm -rf  ./src/cr_startup_lpc17.o ./src/iir.o ./src/main.o  ./src/cr_startup_lpc17.d ./src/main.d  CG2028AssignS2AY2021.axf
 
21:06:13 **** Build of configuration Debug for project CG2028AssignS2AY2021 ****
make all 
Building file: ../src/cr_startup_lpc17.c
Invoking: MCU C Compiler
arm-none-eabi-gcc -DDEBUG -D__CODE_RED -D__REDLIB__ -D__USE_CMSIS=CMSISv1p30_LPC17xx -I"C:\Users\Razer\Documents\LPCXpresso_6.1.4_194\workspace1\Lib_CMSISv1p30_LPC17xx\inc" -O0 -g3 -Wall -c -fmessage-length=0 -fno-builtin -ffunction-sections -Wa,-ahlnds=cr_startup_lpc17.asm -mcpu=cortex-m3 -mthumb -MMD -MP -MF"src/cr_startup_lpc17.d" -MT"src/cr_startup_lpc17.d" -o"src/cr_startup_lpc17.o" "../src/cr_startup_lpc17.c"
Finished building: ../src/cr_startup_lpc17.c
 
Building file: ../src/iir.s
Invoking: MCU Assembler
arm-none-eabi-gcc -c -x assembler-with-cpp -DDEBUG -D__CODE_RED -D__REDLIB__ -g3 -mcpu=cortex-m3 -mthumb -o"src/iir.o" "../src/iir.s"
Finished building: ../src/iir.s
 
Building file: ../src/main.c
Invoking: MCU C Compiler
arm-none-eabi-gcc -DDEBUG -D__CODE_RED -D__REDLIB__ -D__USE_CMSIS=CMSISv1p30_LPC17xx -I"C:\Users\Razer\Documents\LPCXpresso_6.1.4_194\workspace1\Lib_CMSISv1p30_LPC17xx\inc" -O0 -g3 -Wall -c -fmessage-length=0 -fno-builtin -ffunction-sections -Wa,-ahlnds=main.asm -mcpu=cortex-m3 -mthumb -MMD -MP -MF"src/main.d" -MT"src/main.d" -o"src/main.o" "../src/main.c"
Finished building: ../src/main.c
 
Building target: CG2028AssignS2AY2021.axf
Invoking: MCU Linker
arm-none-eabi-gcc -nostdlib -L"C:\Users\Razer\Documents\LPCXpresso_6.1.4_194\workspace1\Lib_CMSISv1p30_LPC17xx\Debug" -Xlinker --gc-sections -Xlinker -Map=CG2028AssignS2AY2021.map -mcpu=cortex-m3 -mthumb -T "CG2028AssignS2AY2021_Debug.ld" -o"CG2028AssignS2AY2021.axf"  ./src/cr_startup_lpc17.o ./src/iir.o ./src/main.o   -lCMSISv1p30_LPC17xx
Finished building target: CG2028AssignS2AY2021.axf
 
make --no-print-directory post-build
Performing post-build steps
arm-none-eabi-size CG2028AssignS2AY2021.axf; # arm-none-eabi-objcopy -O ihex CG2028AssignS2AY2021.axf CG2028AssignS2AY2021.hex ;
   text	   data	    bss	    dec	    hex	filename
  12472	      0	    416	  12888	   3258	CG2028AssignS2AY2021.axf
 
21:35:30 **** Incremental Build of configuration Debug for project Lib_CMSISv1p30_LPC17xx ****
make all 
make: Nothing to be done for `all'.
21:35:31 **** Incremental Build of configuration Debug for project CG2028AssignS2AY2021 ****
make all 
Building file: ../src/iir.s
Invoking: MCU Assembler
arm-none-eabi-gcc -c -x assembler-with-cpp -DDEBUG -D__CODE_RED -D__REDLIB__ -g3 -mcpu=cortex-m3 -mthumb -o"src/iir.o" "../src/iir.s"
Finished building: ../src/iir.s
 
Building file: ../src/main.c
Invoking: MCU C Compiler
arm-none-eabi-gcc -DDEBUG -D__CODE_RED -D__REDLIB__ -D__USE_CMSIS=CMSISv1p30_LPC17xx -I"C:\Users\Razer\Documents\LPCXpresso_6.1.4_194\workspace1\Lib_CMSISv1p30_LPC17xx\inc" -O0 -g3 -Wall -c -fmessage-length=0 -fno-builtin -ffunction-sections -Wa,-ahlnds=main.asm -mcpu=cortex-m3 -mthumb -MMD -MP -MF"src/main.d" -MT"src/main.d" -o"src/main.o" "../src/main.c"
Finished building: ../src/main.c
 
Building target: CG2028AssignS2AY2021.axf
Invoking: MCU Linker
arm-none-eabi-gcc -nostdlib -L"C:\Users\Razer\Documents\LPCXpresso_6.1.4_194\workspace1\Lib_CMSISv1p30_LPC17xx\Debug" -Xlinker --gc-sections -Xlinker -Map=CG2028AssignS2AY2021.map -mcpu=cortex-m3 -mthumb -T "CG2028AssignS2AY2021_Debug.ld" -o"CG2028AssignS2AY2021.axf"  ./src/cr_startup_lpc17.o ./src/iir.o ./src/main.o   -lCMSISv1p30_LPC17xx
Finished building target: CG2028AssignS2AY2021.axf
 
make --no-print-directory post-build
Performing post-build steps
arm-none-eabi-size CG2028AssignS2AY2021.axf; # arm-none-eabi-objcopy -O ihex CG2028AssignS2AY2021.axf CG2028AssignS2AY2021.hex ;
   text	   data	    bss	    dec	    hex	filename
  12096	      0	    336	  12432	   3090	CG2028AssignS2AY2021.axf
 
21:36:06 **** Incremental Build of configuration Debug for project Lib_CMSISv1p30_LPC17xx ****
make all 
make: Nothing to be done for `all'.
21:36:08 **** Incremental Build of configuration Debug for project CG2028AssignS2AY2021 ****
make all 
Building file: ../src/main.c
Invoking: MCU C Compiler
arm-none-eabi-gcc -DDEBUG -D__CODE_RED -D__REDLIB__ -D__USE_CMSIS=CMSISv1p30_LPC17xx -I"C:\Users\Razer\Documents\LPCXpresso_6.1.4_194\workspace1\Lib_CMSISv1p30_LPC17xx\inc" -O0 -g3 -Wall -c -fmessage-length=0 -fno-builtin -ffunction-sections -Wa,-ahlnds=main.asm -mcpu=cortex-m3 -mthumb -MMD -MP -MF"src/main.d" -MT"src/main.d" -o"src/main.o" "../src/main.c"
Finished building: ../src/main.c
 
Building target: CG2028AssignS2AY2021.axf
Invoking: MCU Linker
arm-none-eabi-gcc -nostdlib -L"C:\Users\Razer\Documents\LPCXpresso_6.1.4_194\workspace1\Lib_CMSISv1p30_LPC17xx\Debug" -Xlinker --gc-sections -Xlinker -Map=CG2028AssignS2AY2021.map -mcpu=cortex-m3 -mthumb -T "CG2028AssignS2AY2021_Debug.ld" -o"CG2028AssignS2AY2021.axf"  ./src/cr_startup_lpc17.o ./src/iir.o ./src/main.o   -lCMSISv1p30_LPC17xx
Finished building target: CG2028AssignS2AY2021.axf
 
make --no-print-directory post-build
Performing post-build steps
arm-none-eabi-size CG2028AssignS2AY2021.axf; # arm-none-eabi-objcopy -O ihex CG2028AssignS2AY2021.axf CG2028AssignS2AY2021.hex ;
   text	   data	    bss	    dec	    hex	filename
  12392	      0	    416	  12808	   3208	CG2028AssignS2AY2021.axf
 
22:10:32 **** Incremental Build of configuration Debug for project Lib_CMSISv1p30_LPC17xx ****
make all 
make: Nothing to be done for `all'.
22:10:34 **** Incremental Build of configuration Debug for project CG2028AssignS2AY2021 ****
make all 
Building file: ../src/iir.s
Invoking: MCU Assembler
arm-none-eabi-gcc -c -x assembler-with-cpp -DDEBUG -D__CODE_RED -D__REDLIB__ -g3 -mcpu=cortex-m3 -mthumb -o"src/iir.o" "../src/iir.s"
Finished building: ../src/iir.s
 
Building file: ../src/main.c
Invoking: MCU C Compiler
arm-none-eabi-gcc -DDEBUG -D__CODE_RED -D__REDLIB__ -D__USE_CMSIS=CMSISv1p30_LPC17xx -I"C:\Users\Razer\Documents\LPCXpresso_6.1.4_194\workspace1\Lib_CMSISv1p30_LPC17xx\inc" -O0 -g3 -Wall -c -fmessage-length=0 -fno-builtin -ffunction-sections -Wa,-ahlnds=main.asm -mcpu=cortex-m3 -mthumb -MMD -MP -MF"src/main.d" -MT"src/main.d" -o"src/main.o" "../src/main.c"
Finished building: ../src/main.c
 
Building target: CG2028AssignS2AY2021.axf
Invoking: MCU Linker
arm-none-eabi-gcc -nostdlib -L"C:\Users\Razer\Documents\LPCXpresso_6.1.4_194\workspace1\Lib_CMSISv1p30_LPC17xx\Debug" -Xlinker --gc-sections -Xlinker -Map=CG2028AssignS2AY2021.map -mcpu=cortex-m3 -mthumb -T "CG2028AssignS2AY2021_Debug.ld" -o"CG2028AssignS2AY2021.axf"  ./src/cr_startup_lpc17.o ./src/iir.o ./src/main.o   -lCMSISv1p30_LPC17xx
Finished building target: CG2028AssignS2AY2021.axf
 
make --no-print-directory post-build
Performing post-build steps
arm-none-eabi-size CG2028AssignS2AY2021.axf; # arm-none-eabi-objcopy -O ihex CG2028AssignS2AY2021.axf CG2028AssignS2AY2021.hex ;
   text	   data	    bss	    dec	    hex	filename
  12304	      0	    416	  12720	   31b0	CG2028AssignS2AY2021.axf
 
22:11:59 **** Incremental Build of configuration Debug for project Lib_CMSISv1p30_LPC17xx ****
make all 
make: Nothing to be done for `all'.
22:12:00 **** Incremental Build of configuration Debug for project CG2028AssignS2AY2021 ****
make all 
Building file: ../src/main.c
Invoking: MCU C Compiler
arm-none-eabi-gcc -DDEBUG -D__CODE_RED -D__REDLIB__ -D__USE_CMSIS=CMSISv1p30_LPC17xx -I"C:\Users\Razer\Documents\LPCXpresso_6.1.4_194\workspace1\Lib_CMSISv1p30_LPC17xx\inc" -O0 -g3 -Wall -c -fmessage-length=0 -fno-builtin -ffunction-sections -Wa,-ahlnds=main.asm -mcpu=cortex-m3 -mthumb -MMD -MP -MF"src/main.d" -MT"src/main.d" -o"src/main.o" "../src/main.c"
Finished building: ../src/main.c
 
Building target: CG2028AssignS2AY2021.axf
Invoking: MCU Linker
arm-none-eabi-gcc -nostdlib -L"C:\Users\Razer\Documents\LPCXpresso_6.1.4_194\workspace1\Lib_CMSISv1p30_LPC17xx\Debug" -Xlinker --gc-sections -Xlinker -Map=CG2028AssignS2AY2021.map -mcpu=cortex-m3 -mthumb -T "CG2028AssignS2AY2021_Debug.ld" -o"CG2028AssignS2AY2021.axf"  ./src/cr_startup_lpc17.o ./src/iir.o ./src/main.o   -lCMSISv1p30_LPC17xx
Finished building target: CG2028AssignS2AY2021.axf
 
make --no-print-directory post-build
Performing post-build steps
arm-none-eabi-size CG2028AssignS2AY2021.axf; # arm-none-eabi-objcopy -O ihex CG2028AssignS2AY2021.axf CG2028AssignS2AY2021.hex ;
   text	   data	    bss	    dec	    hex	filename
  12472	      0	    416	  12888	   3258	CG2028AssignS2AY2021.axf
 
22:15:41 **** Incremental Build of configuration Debug for project Lib_CMSISv1p30_LPC17xx ****
make all 
make: Nothing to be done for `all'.
22:15:43 **** Incremental Build of configuration Debug for project CG2028AssignS2AY2021 ****
make all 
Building file: ../src/main.c
Invoking: MCU C Compiler
arm-none-eabi-gcc -DDEBUG -D__CODE_RED -D__REDLIB__ -D__USE_CMSIS=CMSISv1p30_LPC17xx -I"C:\Users\Razer\Documents\LPCXpresso_6.1.4_194\workspace1\Lib_CMSISv1p30_LPC17xx\inc" -O0 -g3 -Wall -c -fmessage-length=0 -fno-builtin -ffunction-sections -Wa,-ahlnds=main.asm -mcpu=cortex-m3 -mthumb -MMD -MP -MF"src/main.d" -MT"src/main.d" -o"src/main.o" "../src/main.c"
../src/main.c: In function 'iir_c':
../src/main.c:54:2: error: 'for' loop initial declarations are only allowed in C99 mode
../src/main.c:54:2: note: use option -std=c99 or -std=gnu99 to compile your code
../src/main.c:58:10: error: redefinition of 'k'
../src/main.c:54:10: note: previous definition of 'k' was here
../src/main.c:58:2: error: 'for' loop initial declarations are only allowed in C99 mode
make: *** [src/main.o] Error 1
22:16:23 **** Incremental Build of configuration Debug for project Lib_CMSISv1p30_LPC17xx ****
make all 
make: Nothing to be done for `all'.
22:16:25 **** Incremental Build of configuration Debug for project CG2028AssignS2AY2021 ****
make all 
Building file: ../src/main.c
Invoking: MCU C Compiler
arm-none-eabi-gcc -DDEBUG -D__CODE_RED -D__REDLIB__ -D__USE_CMSIS=CMSISv1p30_LPC17xx -I"C:\Users\Razer\Documents\LPCXpresso_6.1.4_194\workspace1\Lib_CMSISv1p30_LPC17xx\inc" -O0 -g3 -Wall -c -fmessage-length=0 -fno-builtin -ffunction-sections -Wa,-ahlnds=main.asm -mcpu=cortex-m3 -mthumb -MMD -MP -MF"src/main.d" -MT"src/main.d" -o"src/main.o" "../src/main.c"
Finished building: ../src/main.c
 
Building target: CG2028AssignS2AY2021.axf
Invoking: MCU Linker
arm-none-eabi-gcc -nostdlib -L"C:\Users\Razer\Documents\LPCXpresso_6.1.4_194\workspace1\Lib_CMSISv1p30_LPC17xx\Debug" -Xlinker --gc-sections -Xlinker -Map=CG2028AssignS2AY2021.map -mcpu=cortex-m3 -mthumb -T "CG2028AssignS2AY2021_Debug.ld" -o"CG2028AssignS2AY2021.axf"  ./src/cr_startup_lpc17.o ./src/iir.o ./src/main.o   -lCMSISv1p30_LPC17xx
Finished building target: CG2028AssignS2AY2021.axf
 
make --no-print-directory post-build
Performing post-build steps
arm-none-eabi-size CG2028AssignS2AY2021.axf; # arm-none-eabi-objcopy -O ihex CG2028AssignS2AY2021.axf CG2028AssignS2AY2021.hex ;
   text	   data	    bss	    dec	    hex	filename
  12528	      0	    416	  12944	   3290	CG2028AssignS2AY2021.axf
 
22:19:40 **** Incremental Build of configuration Debug for project Lib_CMSISv1p30_LPC17xx ****
make all 
make: Nothing to be done for `all'.
22:19:41 **** Incremental Build of configuration Debug for project CG2028AssignS2AY2021 ****
make all 
Building file: ../src/main.c
Invoking: MCU C Compiler
arm-none-eabi-gcc -DDEBUG -D__CODE_RED -D__REDLIB__ -D__USE_CMSIS=CMSISv1p30_LPC17xx -I"C:\Users\Razer\Documents\LPCXpresso_6.1.4_194\workspace1\Lib_CMSISv1p30_LPC17xx\inc" -O0 -g3 -Wall -c -fmessage-length=0 -fno-builtin -ffunction-sections -Wa,-ahlnds=main.asm -mcpu=cortex-m3 -mthumb -MMD -MP -MF"src/main.d" -MT"src/main.d" -o"src/main.o" "../src/main.c"
../src/main.c: In function 'main':
../src/main.c:31:19: error: 'x_store' undeclared (first use in this function)
../src/main.c:31:19: note: each undeclared identifier is reported only once for each function it appears in
../src/main.c:36:20: error: 'y_store' undeclared (first use in this function)
make: *** [src/main.o] Error 1
22:27:03 **** Incremental Build of configuration Debug for project Lib_CMSISv1p30_LPC17xx ****
make all 
make: Nothing to be done for `all'.
22:27:04 **** Incremental Build of configuration Debug for project CG2028AssignS2AY2021 ****
make all 
Building file: ../src/main.c
Invoking: MCU C Compiler
arm-none-eabi-gcc -DDEBUG -D__CODE_RED -D__REDLIB__ -D__USE_CMSIS=CMSISv1p30_LPC17xx -I"C:\Users\Razer\Documents\LPCXpresso_6.1.4_194\workspace1\Lib_CMSISv1p30_LPC17xx\inc" -O0 -g3 -Wall -c -fmessage-length=0 -fno-builtin -ffunction-sections -Wa,-ahlnds=main.asm -mcpu=cortex-m3 -mthumb -MMD -MP -MF"src/main.d" -MT"src/main.d" -o"src/main.o" "../src/main.c"
Finished building: ../src/main.c
 
Building target: CG2028AssignS2AY2021.axf
Invoking: MCU Linker
arm-none-eabi-gcc -nostdlib -L"C:\Users\Razer\Documents\LPCXpresso_6.1.4_194\workspace1\Lib_CMSISv1p30_LPC17xx\Debug" -Xlinker --gc-sections -Xlinker -Map=CG2028AssignS2AY2021.map -mcpu=cortex-m3 -mthumb -T "CG2028AssignS2AY2021_Debug.ld" -o"CG2028AssignS2AY2021.axf"  ./src/cr_startup_lpc17.o ./src/iir.o ./src/main.o   -lCMSISv1p30_LPC17xx
Finished building target: CG2028AssignS2AY2021.axf
 
make --no-print-directory post-build
Performing post-build steps
arm-none-eabi-size CG2028AssignS2AY2021.axf; # arm-none-eabi-objcopy -O ihex CG2028AssignS2AY2021.axf CG2028AssignS2AY2021.hex ;
   text	   data	    bss	    dec	    hex	filename
  12392	      0	    416	  12808	   3208	CG2028AssignS2AY2021.axf
 
22:30:07 **** Incremental Build of configuration Debug for project Lib_CMSISv1p30_LPC17xx ****
make all 
make: Nothing to be done for `all'.
22:30:09 **** Incremental Build of configuration Debug for project CG2028AssignS2AY2021 ****
make all 
Building file: ../src/main.c
Invoking: MCU C Compiler
arm-none-eabi-gcc -DDEBUG -D__CODE_RED -D__REDLIB__ -D__USE_CMSIS=CMSISv1p30_LPC17xx -I"C:\Users\Razer\Documents\LPCXpresso_6.1.4_194\workspace1\Lib_CMSISv1p30_LPC17xx\inc" -O0 -g3 -Wall -c -fmessage-length=0 -fno-builtin -ffunction-sections -Wa,-ahlnds=main.asm -mcpu=cortex-m3 -mthumb -MMD -MP -MF"src/main.d" -MT"src/main.d" -o"src/main.o" "../src/main.c"
Finished building: ../src/main.c
 
Building target: CG2028AssignS2AY2021.axf
Invoking: MCU Linker
arm-none-eabi-gcc -nostdlib -L"C:\Users\Razer\Documents\LPCXpresso_6.1.4_194\workspace1\Lib_CMSISv1p30_LPC17xx\Debug" -Xlinker --gc-sections -Xlinker -Map=CG2028AssignS2AY2021.map -mcpu=cortex-m3 -mthumb -T "CG2028AssignS2AY2021_Debug.ld" -o"CG2028AssignS2AY2021.axf"  ./src/cr_startup_lpc17.o ./src/iir.o ./src/main.o   -lCMSISv1p30_LPC17xx
Finished building target: CG2028AssignS2AY2021.axf
 
make --no-print-directory post-build
Performing post-build steps
arm-none-eabi-size CG2028AssignS2AY2021.axf; # arm-none-eabi-objcopy -O ihex CG2028AssignS2AY2021.axf CG2028AssignS2AY2021.hex ;
   text	   data	    bss	    dec	    hex	filename
  12368	      0	    416	  12784	   31f0	CG2028AssignS2AY2021.axf
 
23:01:10 **** Incremental Build of configuration Debug for project Lib_CMSISv1p30_LPC17xx ****
make all 
make: Nothing to be done for `all'.
23:01:12 **** Incremental Build of configuration Debug for project CG2028AssignS2AY2021 ****
make all 
Building file: ../src/main.c
Invoking: MCU C Compiler
arm-none-eabi-gcc -DDEBUG -D__CODE_RED -D__REDLIB__ -D__USE_CMSIS=CMSISv1p30_LPC17xx -I"C:\Users\Razer\Documents\LPCXpresso_6.1.4_194\workspace1\Lib_CMSISv1p30_LPC17xx\inc" -O0 -g3 -Wall -c -fmessage-length=0 -fno-builtin -ffunction-sections -Wa,-ahlnds=main.asm -mcpu=cortex-m3 -mthumb -MMD -MP -MF"src/main.d" -MT"src/main.d" -o"src/main.o" "../src/main.c"
Finished building: ../src/main.c
 
Building target: CG2028AssignS2AY2021.axf
Invoking: MCU Linker
arm-none-eabi-gcc -nostdlib -L"C:\Users\Razer\Documents\LPCXpresso_6.1.4_194\workspace1\Lib_CMSISv1p30_LPC17xx\Debug" -Xlinker --gc-sections -Xlinker -Map=CG2028AssignS2AY2021.map -mcpu=cortex-m3 -mthumb -T "CG2028AssignS2AY2021_Debug.ld" -o"CG2028AssignS2AY2021.axf"  ./src/cr_startup_lpc17.o ./src/iir.o ./src/main.o   -lCMSISv1p30_LPC17xx
Finished building target: CG2028AssignS2AY2021.axf
 
make --no-print-directory post-build
Performing post-build steps
arm-none-eabi-size CG2028AssignS2AY2021.axf; # arm-none-eabi-objcopy -O ihex CG2028AssignS2AY2021.axf CG2028AssignS2AY2021.hex ;
   text	   data	    bss	    dec	    hex	filename
  12504	      0	    416	  12920	   3278	CG2028AssignS2AY2021.axf
 
23:01:52 **** Incremental Build of configuration Debug for project Lib_CMSISv1p30_LPC17xx ****
make all 
make: Nothing to be done for `all'.
23:01:54 **** Incremental Build of configuration Debug for project CG2028AssignS2AY2021 ****
make all 
Building file: ../src/main.c
Invoking: MCU C Compiler
arm-none-eabi-gcc -DDEBUG -D__CODE_RED -D__REDLIB__ -D__USE_CMSIS=CMSISv1p30_LPC17xx -I"C:\Users\Razer\Documents\LPCXpresso_6.1.4_194\workspace1\Lib_CMSISv1p30_LPC17xx\inc" -O0 -g3 -Wall -c -fmessage-length=0 -fno-builtin -ffunction-sections -Wa,-ahlnds=main.asm -mcpu=cortex-m3 -mthumb -MMD -MP -MF"src/main.d" -MT"src/main.d" -o"src/main.o" "../src/main.c"
Finished building: ../src/main.c
 
Building target: CG2028AssignS2AY2021.axf
Invoking: MCU Linker
arm-none-eabi-gcc -nostdlib -L"C:\Users\Razer\Documents\LPCXpresso_6.1.4_194\workspace1\Lib_CMSISv1p30_LPC17xx\Debug" -Xlinker --gc-sections -Xlinker -Map=CG2028AssignS2AY2021.map -mcpu=cortex-m3 -mthumb -T "CG2028AssignS2AY2021_Debug.ld" -o"CG2028AssignS2AY2021.axf"  ./src/cr_startup_lpc17.o ./src/iir.o ./src/main.o   -lCMSISv1p30_LPC17xx
Finished building target: CG2028AssignS2AY2021.axf
 
make --no-print-directory post-build
Performing post-build steps
arm-none-eabi-size CG2028AssignS2AY2021.axf; # arm-none-eabi-objcopy -O ihex CG2028AssignS2AY2021.axf CG2028AssignS2AY2021.hex ;
   text	   data	    bss	    dec	    hex	filename
  12528	      0	    416	  12944	   3290	CG2028AssignS2AY2021.axf
 
23:20:18 **** Build of configuration Debug for project asm_cube ****
make all 
Building file: ../src/asm.s
Invoking: MCU Assembler
arm-none-eabi-gcc -c -x assembler-with-cpp -D__REDLIB__  -DDEBUG -D__CODE_RED -g3 -mcpu=cortex-m3 -mthumb -o "src/asm.o" "../src/asm.s"
Finished building: ../src/asm.s
 
Building target: asm_cube.axf
Invoking: MCU Linker
arm-none-eabi-gcc -nostdlib -Tbss 0x10004000 -Xlinker -Map=asm_cube.map -Xlinker --gc-sections -mcpu=cortex-m3 -mthumb -T "asm_cube_Debug.ld" -o "asm_cube.axf"  ./src/asm.o   
Finished building target: asm_cube.axf
 
make --no-print-directory post-build
Performing post-build steps
arm-none-eabi-size asm_cube.axf; # arm-none-eabi-objcopy -O binary asm_cube.axf asm_cube.bin ; checksum -p LPC1769 -d asm_cube.bin;
   text	   data	    bss	    dec	    hex	filename
     72	      0	      4	     76	     4c	asm_cube.axf
 
23:20:45 **** Incremental Build of configuration Debug for project Lib_CMSISv1p30_LPC17xx ****
make all 
make: Nothing to be done for `all'.
23:20:46 **** Incremental Build of configuration Debug for project CG2028AssignS2AY2021 ****
make all 
Building file: ../src/iir.s
Invoking: MCU Assembler
arm-none-eabi-gcc -c -x assembler-with-cpp -DDEBUG -D__CODE_RED -D__REDLIB__ -g3 -mcpu=cortex-m3 -mthumb -o"src/iir.o" "../src/iir.s"
Finished building: ../src/iir.s
 
Building file: ../src/main.c
Invoking: MCU C Compiler
arm-none-eabi-gcc -DDEBUG -D__CODE_RED -D__REDLIB__ -D__USE_CMSIS=CMSISv1p30_LPC17xx -I"C:\Users\Razer\Documents\LPCXpresso_6.1.4_194\workspace1\Lib_CMSISv1p30_LPC17xx\inc" -O0 -g3 -Wall -c -fmessage-length=0 -fno-builtin -ffunction-sections -Wa,-ahlnds=main.asm -mcpu=cortex-m3 -mthumb -MMD -MP -MF"src/main.d" -MT"src/main.d" -o"src/main.o" "../src/main.c"
Finished building: ../src/main.c
 
Building target: CG2028AssignS2AY2021.axf
Invoking: MCU Linker
arm-none-eabi-gcc -nostdlib -L"C:\Users\Razer\Documents\LPCXpresso_6.1.4_194\workspace1\Lib_CMSISv1p30_LPC17xx\Debug" -Xlinker --gc-sections -Xlinker -Map=CG2028AssignS2AY2021.map -mcpu=cortex-m3 -mthumb -T "CG2028AssignS2AY2021_Debug.ld" -o"CG2028AssignS2AY2021.axf"  ./src/cr_startup_lpc17.o ./src/iir.o ./src/main.o   -lCMSISv1p30_LPC17xx
Finished building target: CG2028AssignS2AY2021.axf
 
make --no-print-directory post-build
Performing post-build steps
arm-none-eabi-size CG2028AssignS2AY2021.axf; # arm-none-eabi-objcopy -O ihex CG2028AssignS2AY2021.axf CG2028AssignS2AY2021.hex ;
   text	   data	    bss	    dec	    hex	filename
  12392	      0	    416	  12808	   3208	CG2028AssignS2AY2021.axf
 
23:21:07 **** Incremental Build of configuration Debug for project Lib_CMSISv1p30_LPC17xx ****
make all 
make: Nothing to be done for `all'.
23:21:08 **** Incremental Build of configuration Debug for project CG2028AssignS2AY2021 ****
make all 
make: Nothing to be done for `all'.
23:23:55 **** Incremental Build of configuration Debug for project Lib_CMSISv1p30_LPC17xx ****
make all 
make: Nothing to be done for `all'.
23:23:57 **** Incremental Build of configuration Debug for project CG2028AssignS2AY2021 ****
make all 
Building file: ../src/iir.s
Invoking: MCU Assembler
arm-none-eabi-gcc -c -x assembler-with-cpp -DDEBUG -D__CODE_RED -D__REDLIB__ -g3 -mcpu=cortex-m3 -mthumb -o"src/iir.o" "../src/iir.s"
Finished building: ../src/iir.s
 
Building target: CG2028AssignS2AY2021.axf
Invoking: MCU Linker
arm-none-eabi-gcc -nostdlib -L"C:\Users\Razer\Documents\LPCXpresso_6.1.4_194\workspace1\Lib_CMSISv1p30_LPC17xx\Debug" -Xlinker --gc-sections -Xlinker -Map=CG2028AssignS2AY2021.map -mcpu=cortex-m3 -mthumb -T "CG2028AssignS2AY2021_Debug.ld" -o"CG2028AssignS2AY2021.axf"  ./src/cr_startup_lpc17.o ./src/iir.o ./src/main.o   -lCMSISv1p30_LPC17xx
Finished building target: CG2028AssignS2AY2021.axf
 
make --no-print-directory post-build
Performing post-build steps
arm-none-eabi-size CG2028AssignS2AY2021.axf; # arm-none-eabi-objcopy -O ihex CG2028AssignS2AY2021.axf CG2028AssignS2AY2021.hex ;
   text	   data	    bss	    dec	    hex	filename
  12392	      0	    416	  12808	   3208	CG2028AssignS2AY2021.axf
 
23:26:28 **** Incremental Build of configuration Debug for project Lib_CMSISv1p30_LPC17xx ****
make all 
make: Nothing to be done for `all'.
23:26:30 **** Incremental Build of configuration Debug for project CG2028AssignS2AY2021 ****
make all 
make: Nothing to be done for `all'.
23:28:20 **** Incremental Build of configuration Debug for project Lib_CMSISv1p30_LPC17xx ****
make all 
make: Nothing to be done for `all'.
23:28:22 **** Incremental Build of configuration Debug for project CG2028AssignS2AY2021 ****
make all 
make: Nothing to be done for `all'.
23:29:23 **** Incremental Build of configuration Debug for project Lib_CMSISv1p30_LPC17xx ****
make all 
make: Nothing to be done for `all'.
23:29:25 **** Incremental Build of configuration Debug for project CG2028AssignS2AY2021 ****
make all 
Building file: ../src/main.c
Invoking: MCU C Compiler
arm-none-eabi-gcc -DDEBUG -D__CODE_RED -D__REDLIB__ -D__USE_CMSIS=CMSISv1p30_LPC17xx -I"C:\Users\Razer\Documents\LPCXpresso_6.1.4_194\workspace1\Lib_CMSISv1p30_LPC17xx\inc" -O0 -g3 -Wall -c -fmessage-length=0 -fno-builtin -ffunction-sections -Wa,-ahlnds=main.asm -mcpu=cortex-m3 -mthumb -MMD -MP -MF"src/main.d" -MT"src/main.d" -o"src/main.o" "../src/main.c"
Finished building: ../src/main.c
 
Building target: CG2028AssignS2AY2021.axf
Invoking: MCU Linker
arm-none-eabi-gcc -nostdlib -L"C:\Users\Razer\Documents\LPCXpresso_6.1.4_194\workspace1\Lib_CMSISv1p30_LPC17xx\Debug" -Xlinker --gc-sections -Xlinker -Map=CG2028AssignS2AY2021.map -mcpu=cortex-m3 -mthumb -T "CG2028AssignS2AY2021_Debug.ld" -o"CG2028AssignS2AY2021.axf"  ./src/cr_startup_lpc17.o ./src/iir.o ./src/main.o   -lCMSISv1p30_LPC17xx
Finished building target: CG2028AssignS2AY2021.axf
 
make --no-print-directory post-build
Performing post-build steps
arm-none-eabi-size CG2028AssignS2AY2021.axf; # arm-none-eabi-objcopy -O ihex CG2028AssignS2AY2021.axf CG2028AssignS2AY2021.hex ;
   text	   data	    bss	    dec	    hex	filename
  12488	      0	    512	  13000	   32c8	CG2028AssignS2AY2021.axf
 
00:12:53 **** Incremental Build of configuration Debug for project Lib_CMSISv1p30_LPC17xx ****
make all 
make: Nothing to be done for `all'.
00:12:54 **** Incremental Build of configuration Debug for project CG2028AssignS2AY2021 ****
make all 
Building file: ../src/iir.s
Invoking: MCU Assembler
arm-none-eabi-gcc -c -x assembler-with-cpp -DDEBUG -D__CODE_RED -D__REDLIB__ -g3 -mcpu=cortex-m3 -mthumb -o"src/iir.o" "../src/iir.s"
Finished building: ../src/iir.s
 
Building target: CG2028AssignS2AY2021.axf
Invoking: MCU Linker
arm-none-eabi-gcc -nostdlib -L"C:\Users\Razer\Documents\LPCXpresso_6.1.4_194\workspace1\Lib_CMSISv1p30_LPC17xx\Debug" -Xlinker --gc-sections -Xlinker -Map=CG2028AssignS2AY2021.map -mcpu=cortex-m3 -mthumb -T "CG2028AssignS2AY2021_Debug.ld" -o"CG2028AssignS2AY2021.axf"  ./src/cr_startup_lpc17.o ./src/iir.o ./src/main.o   -lCMSISv1p30_LPC17xx
Finished building target: CG2028AssignS2AY2021.axf
 
make --no-print-directory post-build
Performing post-build steps
arm-none-eabi-size CG2028AssignS2AY2021.axf; # arm-none-eabi-objcopy -O ihex CG2028AssignS2AY2021.axf CG2028AssignS2AY2021.hex ;
   text	   data	    bss	    dec	    hex	filename
  12504	      0	    512	  13016	   32d8	CG2028AssignS2AY2021.axf
 
00:13:33 **** Incremental Build of configuration Debug for project Lib_CMSISv1p30_LPC17xx ****
make all 
make: Nothing to be done for `all'.
00:13:34 **** Incremental Build of configuration Debug for project CG2028AssignS2AY2021 ****
make all 
Building file: ../src/iir.s
Invoking: MCU Assembler
arm-none-eabi-gcc -c -x assembler-with-cpp -DDEBUG -D__CODE_RED -D__REDLIB__ -g3 -mcpu=cortex-m3 -mthumb -o"src/iir.o" "../src/iir.s"
Finished building: ../src/iir.s
 
Building target: CG2028AssignS2AY2021.axf
Invoking: MCU Linker
arm-none-eabi-gcc -nostdlib -L"C:\Users\Razer\Documents\LPCXpresso_6.1.4_194\workspace1\Lib_CMSISv1p30_LPC17xx\Debug" -Xlinker --gc-sections -Xlinker -Map=CG2028AssignS2AY2021.map -mcpu=cortex-m3 -mthumb -T "CG2028AssignS2AY2021_Debug.ld" -o"CG2028AssignS2AY2021.axf"  ./src/cr_startup_lpc17.o ./src/iir.o ./src/main.o   -lCMSISv1p30_LPC17xx
Finished building target: CG2028AssignS2AY2021.axf
 
make --no-print-directory post-build
Performing post-build steps
arm-none-eabi-size CG2028AssignS2AY2021.axf; # arm-none-eabi-objcopy -O ihex CG2028AssignS2AY2021.axf CG2028AssignS2AY2021.hex ;
   text	   data	    bss	    dec	    hex	filename
  12496	      0	    512	  13008	   32d0	CG2028AssignS2AY2021.axf
 
00:16:24 **** Incremental Build of configuration Debug for project Lib_CMSISv1p30_LPC17xx ****
make all 
make: Nothing to be done for `all'.
00:16:26 **** Incremental Build of configuration Debug for project CG2028AssignS2AY2021 ****
make all 
make: Nothing to be done for `all'.
00:17:09 **** Incremental Build of configuration Debug for project Lib_CMSISv1p30_LPC17xx ****
make all 
make: Nothing to be done for `all'.
00:17:10 **** Incremental Build of configuration Debug for project CG2028AssignS2AY2021 ****
make all 
make: Nothing to be done for `all'.
00:18:36 **** Incremental Build of configuration Debug for project Lib_CMSISv1p30_LPC17xx ****
make all 
make: Nothing to be done for `all'.
00:18:38 **** Incremental Build of configuration Debug for project CG2028AssignS2AY2021 ****
make all 
Building file: ../src/iir.s
Invoking: MCU Assembler
arm-none-eabi-gcc -c -x assembler-with-cpp -DDEBUG -D__CODE_RED -D__REDLIB__ -g3 -mcpu=cortex-m3 -mthumb -o"src/iir.o" "../src/iir.s"
../src/iir.s: Assembler messages:
../src/iir.s:25: Error: cannot represent T32_OFFSET_IMM relocation in this object file format
../src/iir.s:26: Error: cannot represent T32_OFFSET_IMM relocation in this object file format
make: *** [src/iir.o] Error 1
00:19:53 **** Incremental Build of configuration Debug for project Lib_CMSISv1p30_LPC17xx ****
make all 
make: Nothing to be done for `all'.
00:19:54 **** Incremental Build of configuration Debug for project CG2028AssignS2AY2021 ****
make all 
Building file: ../src/iir.s
Invoking: MCU Assembler
arm-none-eabi-gcc -c -x assembler-with-cpp -DDEBUG -D__CODE_RED -D__REDLIB__ -g3 -mcpu=cortex-m3 -mthumb -o"src/iir.o" "../src/iir.s"
../src/iir.s: Assembler messages:
../src/iir.s:26: Error: cannot represent T32_OFFSET_IMM relocation in this object file format
../src/iir.s:25: Error: cannot represent T32_OFFSET_IMM relocation in this object file format
make: *** [src/iir.o] Error 1
00:20:34 **** Incremental Build of configuration Debug for project Lib_CMSISv1p30_LPC17xx ****
make all 
make: Nothing to be done for `all'.
00:20:36 **** Incremental Build of configuration Debug for project CG2028AssignS2AY2021 ****
make all 
Building file: ../src/iir.s
Invoking: MCU Assembler
arm-none-eabi-gcc -c -x assembler-with-cpp -DDEBUG -D__CODE_RED -D__REDLIB__ -g3 -mcpu=cortex-m3 -mthumb -o"src/iir.o" "../src/iir.s"
Finished building: ../src/iir.s
 
Building target: CG2028AssignS2AY2021.axf
Invoking: MCU Linker
arm-none-eabi-gcc -nostdlib -L"C:\Users\Razer\Documents\LPCXpresso_6.1.4_194\workspace1\Lib_CMSISv1p30_LPC17xx\Debug" -Xlinker --gc-sections -Xlinker -Map=CG2028AssignS2AY2021.map -mcpu=cortex-m3 -mthumb -T "CG2028AssignS2AY2021_Debug.ld" -o"CG2028AssignS2AY2021.axf"  ./src/cr_startup_lpc17.o ./src/iir.o ./src/main.o   -lCMSISv1p30_LPC17xx
Finished building target: CG2028AssignS2AY2021.axf
 
make --no-print-directory post-build
Performing post-build steps
arm-none-eabi-size CG2028AssignS2AY2021.axf; # arm-none-eabi-objcopy -O ihex CG2028AssignS2AY2021.axf CG2028AssignS2AY2021.hex ;
   text	   data	    bss	    dec	    hex	filename
  12504	      0	    512	  13016	   32d8	CG2028AssignS2AY2021.axf
 
00:21:58 **** Incremental Build of configuration Debug for project Lib_CMSISv1p30_LPC17xx ****
make all 
make: Nothing to be done for `all'.
00:21:59 **** Incremental Build of configuration Debug for project CG2028AssignS2AY2021 ****
make all 
Building file: ../src/iir.s
Invoking: MCU Assembler
arm-none-eabi-gcc -c -x assembler-with-cpp -DDEBUG -D__CODE_RED -D__REDLIB__ -g3 -mcpu=cortex-m3 -mthumb -o"src/iir.o" "../src/iir.s"
../src/iir.s: Assembler messages:
../src/iir.s:26: Error: undefined symbol R1 used as an immediate value
make: *** [src/iir.o] Error 1
00:22:10 **** Incremental Build of configuration Debug for project Lib_CMSISv1p30_LPC17xx ****
make all 
make: Nothing to be done for `all'.
00:22:12 **** Incremental Build of configuration Debug for project CG2028AssignS2AY2021 ****
make all 
Building file: ../src/iir.s
Invoking: MCU Assembler
arm-none-eabi-gcc -c -x assembler-with-cpp -DDEBUG -D__CODE_RED -D__REDLIB__ -g3 -mcpu=cortex-m3 -mthumb -o"src/iir.o" "../src/iir.s"
Finished building: ../src/iir.s
 
Building target: CG2028AssignS2AY2021.axf
Invoking: MCU Linker
arm-none-eabi-gcc -nostdlib -L"C:\Users\Razer\Documents\LPCXpresso_6.1.4_194\workspace1\Lib_CMSISv1p30_LPC17xx\Debug" -Xlinker --gc-sections -Xlinker -Map=CG2028AssignS2AY2021.map -mcpu=cortex-m3 -mthumb -T "CG2028AssignS2AY2021_Debug.ld" -o"CG2028AssignS2AY2021.axf"  ./src/cr_startup_lpc17.o ./src/iir.o ./src/main.o   -lCMSISv1p30_LPC17xx
Finished building target: CG2028AssignS2AY2021.axf
 
make --no-print-directory post-build
Performing post-build steps
arm-none-eabi-size CG2028AssignS2AY2021.axf; # arm-none-eabi-objcopy -O ihex CG2028AssignS2AY2021.axf CG2028AssignS2AY2021.hex ;
   text	   data	    bss	    dec	    hex	filename
  12504	      0	    512	  13016	   32d8	CG2028AssignS2AY2021.axf
 
00:23:27 **** Incremental Build of configuration Debug for project Lib_CMSISv1p30_LPC17xx ****
make all 
make: Nothing to be done for `all'.
00:23:29 **** Incremental Build of configuration Debug for project CG2028AssignS2AY2021 ****
make all 
Building file: ../src/iir.s
Invoking: MCU Assembler
arm-none-eabi-gcc -c -x assembler-with-cpp -DDEBUG -D__CODE_RED -D__REDLIB__ -g3 -mcpu=cortex-m3 -mthumb -o"src/iir.o" "../src/iir.s"
../src/iir.s: Assembler messages:
../src/iir.s:25: Error: ARM register expected -- `mul R6,R3,[R1],#4'
make: *** [src/iir.o] Error 1
00:23:54 **** Incremental Build of configuration Debug for project Lib_CMSISv1p30_LPC17xx ****
make all 
make: Nothing to be done for `all'.
00:23:56 **** Incremental Build of configuration Debug for project CG2028AssignS2AY2021 ****
make all 
Building file: ../src/iir.s
Invoking: MCU Assembler
arm-none-eabi-gcc -c -x assembler-with-cpp -DDEBUG -D__CODE_RED -D__REDLIB__ -g3 -mcpu=cortex-m3 -mthumb -o"src/iir.o" "../src/iir.s"
../src/iir.s: Assembler messages:
../src/iir.s:25: Error: ARM register expected -- `mul R6,R3,[R1]'
make: *** [src/iir.o] Error 1
00:24:42 **** Incremental Build of configuration Debug for project Lib_CMSISv1p30_LPC17xx ****
make all 
make: Nothing to be done for `all'.
00:24:44 **** Incremental Build of configuration Debug for project CG2028AssignS2AY2021 ****
make all 
Building file: ../src/iir.s
Invoking: MCU Assembler
arm-none-eabi-gcc -c -x assembler-with-cpp -DDEBUG -D__CODE_RED -D__REDLIB__ -g3 -mcpu=cortex-m3 -mthumb -o"src/iir.o" "../src/iir.s"
Finished building: ../src/iir.s
 
Building target: CG2028AssignS2AY2021.axf
Invoking: MCU Linker
arm-none-eabi-gcc -nostdlib -L"C:\Users\Razer\Documents\LPCXpresso_6.1.4_194\workspace1\Lib_CMSISv1p30_LPC17xx\Debug" -Xlinker --gc-sections -Xlinker -Map=CG2028AssignS2AY2021.map -mcpu=cortex-m3 -mthumb -T "CG2028AssignS2AY2021_Debug.ld" -o"CG2028AssignS2AY2021.axf"  ./src/cr_startup_lpc17.o ./src/iir.o ./src/main.o   -lCMSISv1p30_LPC17xx
Finished building target: CG2028AssignS2AY2021.axf
 
make --no-print-directory post-build
Performing post-build steps
arm-none-eabi-size CG2028AssignS2AY2021.axf; # arm-none-eabi-objcopy -O ihex CG2028AssignS2AY2021.axf CG2028AssignS2AY2021.hex ;
   text	   data	    bss	    dec	    hex	filename
  12496	      0	    512	  13008	   32d0	CG2028AssignS2AY2021.axf
 
00:27:48 **** Incremental Build of configuration Debug for project Lib_CMSISv1p30_LPC17xx ****
make all 
make: Nothing to be done for `all'.
00:27:50 **** Incremental Build of configuration Debug for project CG2028AssignS2AY2021 ****
make all 
Building file: ../src/iir.s
Invoking: MCU Assembler
arm-none-eabi-gcc -c -x assembler-with-cpp -DDEBUG -D__CODE_RED -D__REDLIB__ -g3 -mcpu=cortex-m3 -mthumb -o"src/iir.o" "../src/iir.s"
Finished building: ../src/iir.s
 
Building target: CG2028AssignS2AY2021.axf
Invoking: MCU Linker
arm-none-eabi-gcc -nostdlib -L"C:\Users\Razer\Documents\LPCXpresso_6.1.4_194\workspace1\Lib_CMSISv1p30_LPC17xx\Debug" -Xlinker --gc-sections -Xlinker -Map=CG2028AssignS2AY2021.map -mcpu=cortex-m3 -mthumb -T "CG2028AssignS2AY2021_Debug.ld" -o"CG2028AssignS2AY2021.axf"  ./src/cr_startup_lpc17.o ./src/iir.o ./src/main.o   -lCMSISv1p30_LPC17xx
Finished building target: CG2028AssignS2AY2021.axf
 
make --no-print-directory post-build
Performing post-build steps
arm-none-eabi-size CG2028AssignS2AY2021.axf; # arm-none-eabi-objcopy -O ihex CG2028AssignS2AY2021.axf CG2028AssignS2AY2021.hex ;
   text	   data	    bss	    dec	    hex	filename
  12504	      0	    512	  13016	   32d8	CG2028AssignS2AY2021.axf
 
00:29:45 **** Incremental Build of configuration Debug for project Lib_CMSISv1p30_LPC17xx ****
make all 
make: Nothing to be done for `all'.
00:29:47 **** Incremental Build of configuration Debug for project CG2028AssignS2AY2021 ****
make all 
make: Nothing to be done for `all'.
00:31:07 **** Incremental Build of configuration Debug for project Lib_CMSISv1p30_LPC17xx ****
make all 
make: Nothing to be done for `all'.
00:31:09 **** Incremental Build of configuration Debug for project CG2028AssignS2AY2021 ****
make all 
Building file: ../src/iir.s
Invoking: MCU Assembler
arm-none-eabi-gcc -c -x assembler-with-cpp -DDEBUG -D__CODE_RED -D__REDLIB__ -g3 -mcpu=cortex-m3 -mthumb -o"src/iir.o" "../src/iir.s"
../src/iir.s: Assembler messages:
../src/iir.s:29: Error: bad instruction `div R6,R6,R2'
make: *** [src/iir.o] Error 1
00:32:02 **** Incremental Build of configuration Debug for project Lib_CMSISv1p30_LPC17xx ****
make all 
make: Nothing to be done for `all'.
00:32:04 **** Incremental Build of configuration Debug for project CG2028AssignS2AY2021 ****
make all 
Building file: ../src/iir.s
Invoking: MCU Assembler
arm-none-eabi-gcc -c -x assembler-with-cpp -DDEBUG -D__CODE_RED -D__REDLIB__ -g3 -mcpu=cortex-m3 -mthumb -o"src/iir.o" "../src/iir.s"
../src/iir.s: Assembler messages:
../src/iir.s:29: Error: bad instruction `div R6,R6,[R2]'
make: *** [src/iir.o] Error 1
00:33:24 **** Incremental Build of configuration Debug for project Lib_CMSISv1p30_LPC17xx ****
make all 
make: Nothing to be done for `all'.
00:33:26 **** Incremental Build of configuration Debug for project CG2028AssignS2AY2021 ****
make all 
Building file: ../src/iir.s
Invoking: MCU Assembler
arm-none-eabi-gcc -c -x assembler-with-cpp -DDEBUG -D__CODE_RED -D__REDLIB__ -g3 -mcpu=cortex-m3 -mthumb -o"src/iir.o" "../src/iir.s"
../src/iir.s: Assembler messages:
../src/iir.s:29: Error: bad instruction `div R6,R6,R5'
make: *** [src/iir.o] Error 1
00:33:37 **** Incremental Build of configuration Debug for project Lib_CMSISv1p30_LPC17xx ****
make all 
make: Nothing to be done for `all'.
00:33:39 **** Incremental Build of configuration Debug for project CG2028AssignS2AY2021 ****
make all 
Building file: ../src/iir.s
Invoking: MCU Assembler
arm-none-eabi-gcc -c -x assembler-with-cpp -DDEBUG -D__CODE_RED -D__REDLIB__ -g3 -mcpu=cortex-m3 -mthumb -o"src/iir.o" "../src/iir.s"
../src/iir.s: Assembler messages:
../src/iir.s:26: Error: undefined symbol R2 used as an immediate value
make: *** [src/iir.o] Error 1
00:33:46 **** Clean-only build of configuration Debug for project Lib_CMSISv1p30_LPC17xx ****
make clean 
rm -rf  ./src/core_cm3.o ./src/system_LPC17xx.o  ./src/core_cm3.d ./src/system_LPC17xx.d  libCMSISv1p30_LPC17xx.a
 
00:33:47 **** Clean-only build of configuration Debug for project CG2028AssignS2AY2021 ****
make clean 
rm -rf  ./src/cr_startup_lpc17.o ./src/iir.o ./src/main.o  ./src/cr_startup_lpc17.d ./src/main.d  CG2028AssignS2AY2021.axf
 
00:33:48 **** Build of configuration Debug for project Lib_CMSISv1p30_LPC17xx ****
make all 
Building file: ../src/core_cm3.c
Invoking: MCU C Compiler
arm-none-eabi-gcc -DDEBUG -D__CODE_RED -D__REDLIB__ -I"C:\Users\Razer\Documents\LPCXpresso_6.1.4_194\workspace1\Lib_CMSISv1p30_LPC17xx\inc" -O0 -g3 -Wall -c -fmessage-length=0 -fno-builtin -ffunction-sections -mcpu=cortex-m3 -mthumb -MMD -MP -MF"src/core_cm3.d" -MT"src/core_cm3.d" -o "src/core_cm3.o" "../src/core_cm3.c"
Finished building: ../src/core_cm3.c
 
Building file: ../src/system_LPC17xx.c
Invoking: MCU C Compiler
arm-none-eabi-gcc -DDEBUG -D__CODE_RED -D__REDLIB__ -I"C:\Users\Razer\Documents\LPCXpresso_6.1.4_194\workspace1\Lib_CMSISv1p30_LPC17xx\inc" -O0 -g3 -Wall -c -fmessage-length=0 -fno-builtin -ffunction-sections -mcpu=cortex-m3 -mthumb -MMD -MP -MF"src/system_LPC17xx.d" -MT"src/system_LPC17xx.d" -o "src/system_LPC17xx.o" "../src/system_LPC17xx.c"
Finished building: ../src/system_LPC17xx.c
 
Building target: libCMSISv1p30_LPC17xx.a
Invoking: MCU Archiver
arm-none-eabi-ar -r  "libCMSISv1p30_LPC17xx.a"  ./src/core_cm3.o ./src/system_LPC17xx.o   
c:\nxp\LPCXpresso_6.1.4_194\lpcxpresso\tools\bin\arm-none-eabi-ar.exe: creating libCMSISv1p30_LPC17xx.a
Finished building target: libCMSISv1p30_LPC17xx.a
 
make --no-print-directory post-build
Performing post-build steps
arm-none-eabi-size libCMSISv1p30_LPC17xx.a ; # arm-none-eabi-objdump -h -S libCMSISv1p30_LPC17xx.a >libCMSISv1p30_LPC17xx.lss
   text	   data	    bss	    dec	    hex	filename
    652	      0	      0	    652	    28c	core_cm3.o (ex libCMSISv1p30_LPC17xx.a)
   1276	      4	      0	   1280	    500	system_LPC17xx.o (ex libCMSISv1p30_LPC17xx.a)
 
00:33:50 **** Build of configuration Debug for project CG2028AssignS2AY2021 ****
make all 
Building file: ../src/cr_startup_lpc17.c
Invoking: MCU C Compiler
arm-none-eabi-gcc -DDEBUG -D__CODE_RED -D__REDLIB__ -D__USE_CMSIS=CMSISv1p30_LPC17xx -I"C:\Users\Razer\Documents\LPCXpresso_6.1.4_194\workspace1\Lib_CMSISv1p30_LPC17xx\inc" -O0 -g3 -Wall -c -fmessage-length=0 -fno-builtin -ffunction-sections -Wa,-ahlnds=cr_startup_lpc17.asm -mcpu=cortex-m3 -mthumb -MMD -MP -MF"src/cr_startup_lpc17.d" -MT"src/cr_startup_lpc17.d" -o"src/cr_startup_lpc17.o" "../src/cr_startup_lpc17.c"
Finished building: ../src/cr_startup_lpc17.c
 
Building file: ../src/iir.s
Invoking: MCU Assembler
arm-none-eabi-gcc -c -x assembler-with-cpp -DDEBUG -D__CODE_RED -D__REDLIB__ -g3 -mcpu=cortex-m3 -mthumb -o"src/iir.o" "../src/iir.s"
Finished building: ../src/iir.s
 
Building file: ../src/main.c
Invoking: MCU C Compiler
arm-none-eabi-gcc -DDEBUG -D__CODE_RED -D__REDLIB__ -D__USE_CMSIS=CMSISv1p30_LPC17xx -I"C:\Users\Razer\Documents\LPCXpresso_6.1.4_194\workspace1\Lib_CMSISv1p30_LPC17xx\inc" -O0 -g3 -Wall -c -fmessage-length=0 -fno-builtin -ffunction-sections -Wa,-ahlnds=main.asm -mcpu=cortex-m3 -mthumb -MMD -MP -MF"src/main.d" -MT"src/main.d" -o"src/main.o" "../src/main.c"
Finished building: ../src/main.c
 
Building target: CG2028AssignS2AY2021.axf
Invoking: MCU Linker
arm-none-eabi-gcc -nostdlib -L"C:\Users\Razer\Documents\LPCXpresso_6.1.4_194\workspace1\Lib_CMSISv1p30_LPC17xx\Debug" -Xlinker --gc-sections -Xlinker -Map=CG2028AssignS2AY2021.map -mcpu=cortex-m3 -mthumb -T "CG2028AssignS2AY2021_Debug.ld" -o"CG2028AssignS2AY2021.axf"  ./src/cr_startup_lpc17.o ./src/iir.o ./src/main.o   -lCMSISv1p30_LPC17xx
Finished building target: CG2028AssignS2AY2021.axf
 
make --no-print-directory post-build
Performing post-build steps
arm-none-eabi-size CG2028AssignS2AY2021.axf; # arm-none-eabi-objcopy -O ihex CG2028AssignS2AY2021.axf CG2028AssignS2AY2021.hex ;
   text	   data	    bss	    dec	    hex	filename
  12504	      0	    512	  13016	   32d8	CG2028AssignS2AY2021.axf
 
00:41:36 **** Incremental Build of configuration Debug for project Lib_CMSISv1p30_LPC17xx ****
make all 
make: Nothing to be done for `all'.
00:41:38 **** Incremental Build of configuration Debug for project CG2028AssignS2AY2021 ****
make all 
Building file: ../src/iir.s
Invoking: MCU Assembler
arm-none-eabi-gcc -c -x assembler-with-cpp -DDEBUG -D__CODE_RED -D__REDLIB__ -g3 -mcpu=cortex-m3 -mthumb -o"src/iir.o" "../src/iir.s"
../src/iir.s: Assembler messages:
../src/iir.s:35: Error: bad instruction `r'
make: *** [src/iir.o] Error 1
00:41:44 **** Incremental Build of configuration Debug for project Lib_CMSISv1p30_LPC17xx ****
make all 
make: Nothing to be done for `all'.
00:41:45 **** Incremental Build of configuration Debug for project CG2028AssignS2AY2021 ****
make all 
Building file: ../src/iir.s
Invoking: MCU Assembler
arm-none-eabi-gcc -c -x assembler-with-cpp -DDEBUG -D__CODE_RED -D__REDLIB__ -g3 -mcpu=cortex-m3 -mthumb -o"src/iir.o" "../src/iir.s"
Finished building: ../src/iir.s
 
Building target: CG2028AssignS2AY2021.axf
Invoking: MCU Linker
arm-none-eabi-gcc -nostdlib -L"C:\Users\Razer\Documents\LPCXpresso_6.1.4_194\workspace1\Lib_CMSISv1p30_LPC17xx\Debug" -Xlinker --gc-sections -Xlinker -Map=CG2028AssignS2AY2021.map -mcpu=cortex-m3 -mthumb -T "CG2028AssignS2AY2021_Debug.ld" -o"CG2028AssignS2AY2021.axf"  ./src/cr_startup_lpc17.o ./src/iir.o ./src/main.o   -lCMSISv1p30_LPC17xx
Finished building target: CG2028AssignS2AY2021.axf
 
make --no-print-directory post-build
Performing post-build steps
arm-none-eabi-size CG2028AssignS2AY2021.axf; # arm-none-eabi-objcopy -O ihex CG2028AssignS2AY2021.axf CG2028AssignS2AY2021.hex ;
   text	   data	    bss	    dec	    hex	filename
  12504	      0	    512	  13016	   32d8	CG2028AssignS2AY2021.axf
 
00:45:54 **** Incremental Build of configuration Debug for project Lib_CMSISv1p30_LPC17xx ****
make all 
make: Nothing to be done for `all'.
00:45:55 **** Incremental Build of configuration Debug for project CG2028AssignS2AY2021 ****
make all 
Building file: ../src/iir.s
Invoking: MCU Assembler
arm-none-eabi-gcc -c -x assembler-with-cpp -DDEBUG -D__CODE_RED -D__REDLIB__ -g3 -mcpu=cortex-m3 -mthumb -o"src/iir.o" "../src/iir.s"
Finished building: ../src/iir.s
 
Building target: CG2028AssignS2AY2021.axf
Invoking: MCU Linker
arm-none-eabi-gcc -nostdlib -L"C:\Users\Razer\Documents\LPCXpresso_6.1.4_194\workspace1\Lib_CMSISv1p30_LPC17xx\Debug" -Xlinker --gc-sections -Xlinker -Map=CG2028AssignS2AY2021.map -mcpu=cortex-m3 -mthumb -T "CG2028AssignS2AY2021_Debug.ld" -o"CG2028AssignS2AY2021.axf"  ./src/cr_startup_lpc17.o ./src/iir.o ./src/main.o   -lCMSISv1p30_LPC17xx
Finished building target: CG2028AssignS2AY2021.axf
 
make --no-print-directory post-build
Performing post-build steps
arm-none-eabi-size CG2028AssignS2AY2021.axf; # arm-none-eabi-objcopy -O ihex CG2028AssignS2AY2021.axf CG2028AssignS2AY2021.hex ;
   text	   data	    bss	    dec	    hex	filename
  12504	      0	    512	  13016	   32d8	CG2028AssignS2AY2021.axf
 
00:46:04 **** Incremental Build of configuration Debug for project Lib_CMSISv1p30_LPC17xx ****
make all 
make: Nothing to be done for `all'.
00:46:05 **** Incremental Build of configuration Debug for project CG2028AssignS2AY2021 ****
make all 
make: Nothing to be done for `all'.
00:49:19 **** Incremental Build of configuration Debug for project Lib_CMSISv1p30_LPC17xx ****
make all 
make: Nothing to be done for `all'.
00:49:21 **** Incremental Build of configuration Debug for project CG2028AssignS2AY2021 ****
make all 
Building file: ../src/iir.s
Invoking: MCU Assembler
arm-none-eabi-gcc -c -x assembler-with-cpp -DDEBUG -D__CODE_RED -D__REDLIB__ -g3 -mcpu=cortex-m3 -mthumb -o"src/iir.o" "../src/iir.s"
../src/iir.s: Assembler messages:
../src/iir.s:36: Error: ARM register expected -- `mul R7,R4,[R5],#4'
make: *** [src/iir.o] Error 1
01:06:04 **** Incremental Build of configuration Debug for project Lib_CMSISv1p30_LPC17xx ****
make all 
make: Nothing to be done for `all'.
01:06:06 **** Incremental Build of configuration Debug for project CG2028AssignS2AY2021 ****
make all 
Building file: ../src/iir.s
Invoking: MCU Assembler
arm-none-eabi-gcc -c -x assembler-with-cpp -DDEBUG -D__CODE_RED -D__REDLIB__ -g3 -mcpu=cortex-m3 -mthumb -o"src/iir.o" "../src/iir.s"
../src/iir.s: Assembler messages:
../src/iir.s:37: Error: ARM register expected -- `mul R9,R4,[R8]'
../src/iir.s:38: Error: ARM register expected -- `mul R10,R5,[R7]'
make: *** [src/iir.o] Error 1
01:17:32 **** Clean-only build of configuration Debug for project Lib_CMSISv1p30_LPC17xx ****
make clean 
rm -rf  ./src/core_cm3.o ./src/system_LPC17xx.o  ./src/core_cm3.d ./src/system_LPC17xx.d  libCMSISv1p30_LPC17xx.a
 
01:17:32 **** Clean-only build of configuration Debug for project CG2028AssignS2AY2021 ****
make clean 
rm -rf  ./src/cr_startup_lpc17.o ./src/iir.o ./src/main.o  ./src/cr_startup_lpc17.d ./src/main.d  CG2028AssignS2AY2021.axf
 
01:19:10 **** Build of configuration Debug for project Lib_CMSISv1p30_LPC17xx ****
make all 
Building file: ../src/core_cm3.c
Invoking: MCU C Compiler
[...]
Performing post-build steps
arm-none-eabi-size CG2028AssignS2AY2021.axf; # arm-none-eabi-objcopy -O ihex CG2028AssignS2AY2021.axf CG2028AssignS2AY2021.hex ;
   text	   data	    bss	    dec	    hex	filename
  12792	      0	    512	  13304	   33f8	CG2028AssignS2AY2021.axf
 
17:41:07 **** Incremental Build of configuration Debug for project Lib_CMSISv1p30_LPC17xx ****
make all 
make: Nothing to be done for `all'.
17:41:09 **** Incremental Build of configuration Debug for project CG2028AssignS2AY2021 ****
make all 
make: Nothing to be done for `all'.
17:41:20 **** Incremental Build of configuration Debug for project Lib_CMSISv1p30_LPC17xx ****
make all 
make: Nothing to be done for `all'.
17:41:22 **** Incremental Build of configuration Debug for project CG2028AssignS2AY2021 ****
make all 
make: Nothing to be done for `all'.
17:45:59 **** Incremental Build of configuration Debug for project Lib_CMSISv1p30_LPC17xx ****
make all 
make: Nothing to be done for `all'.
17:46:00 **** Incremental Build of configuration Debug for project CG2028AssignS2AY2021 ****
make all 
Building file: ../src/iir.s
Invoking: MCU Assembler
arm-none-eabi-gcc -c -x assembler-with-cpp -DDEBUG -D__CODE_RED -D__REDLIB__ -g3 -mcpu=cortex-m3 -mthumb -o"src/iir.o" "../src/iir.s"
../src/iir.s: Assembler messages:
../src/iir.s:58: Error: incorrect condition in IT block -- `addpl R6,R10,R6'
../src/iir.s:68: Error: instruction not allowed in IT block -- `subs R12,#1'
../src/iir.s:69: Error: incorrect condition in IT block -- `bne loop_1'
make: *** [src/iir.o] Error 1
17:47:40 **** Incremental Build of configuration Debug for project Lib_CMSISv1p30_LPC17xx ****
make all 
make: Nothing to be done for `all'.
17:47:42 **** Incremental Build of configuration Debug for project CG2028AssignS2AY2021 ****
make all 
Building file: ../src/iir.s
Invoking: MCU Assembler
arm-none-eabi-gcc -c -x assembler-with-cpp -DDEBUG -D__CODE_RED -D__REDLIB__ -g3 -mcpu=cortex-m3 -mthumb -o"src/iir.o" "../src/iir.s"
../src/iir.s: Assembler messages:
../src/iir.s:58: Error: incorrect condition in IT block -- `addpl R6,R10,R6'
../src/iir.s:68: Error: instruction not allowed in IT block -- `subs R12,#1'
../src/iir.s:69: Error: incorrect condition in IT block -- `bne loop_1'
make: *** [src/iir.o] Error 1
17:48:38 **** Incremental Build of configuration Debug for project Lib_CMSISv1p30_LPC17xx ****
make all 
make: Nothing to be done for `all'.
17:48:39 **** Incremental Build of configuration Debug for project CG2028AssignS2AY2021 ****
make all 
Building file: ../src/iir.s
Invoking: MCU Assembler
arm-none-eabi-gcc -c -x assembler-with-cpp -DDEBUG -D__CODE_RED -D__REDLIB__ -g3 -mcpu=cortex-m3 -mthumb -o"src/iir.o" "../src/iir.s"
../src/iir.s: Assembler messages:
../src/iir.s:65: Error: instruction not allowed in IT block -- `subs R12,#1'
../src/iir.s:66: Error: incorrect condition in IT block -- `bne loop_1'
../src/iir.s:69: Error: instruction not allowed in IT block -- `sub R0,R0,#1'
make: *** [src/iir.o] Error 1
17:50:08 **** Incremental Build of configuration Debug for project Lib_CMSISv1p30_LPC17xx ****
make all 
make: Nothing to be done for `all'.
17:50:09 **** Incremental Build of configuration Debug for project CG2028AssignS2AY2021 ****
make all 
Building file: ../src/iir.s
Invoking: MCU Assembler
arm-none-eabi-gcc -c -x assembler-with-cpp -DDEBUG -D__CODE_RED -D__REDLIB__ -g3 -mcpu=cortex-m3 -mthumb -o"src/iir.o" "../src/iir.s"
Finished building: ../src/iir.s
 
Building target: CG2028AssignS2AY2021.axf
Invoking: MCU Linker
arm-none-eabi-gcc -nostdlib -L"C:\Users\Razer\Documents\LPCXpresso_6.1.4_194\workspace1\Lib_CMSISv1p30_LPC17xx\Debug" -Xlinker --gc-sections -Xlinker -Map=CG2028AssignS2AY2021.map -mcpu=cortex-m3 -mthumb -T "CG2028AssignS2AY2021_Debug.ld" -o"CG2028AssignS2AY2021.axf"  ./src/cr_startup_lpc17.o ./src/iir.o ./src/main.o   -lCMSISv1p30_LPC17xx
Finished building target: CG2028AssignS2AY2021.axf
 
make --no-print-directory post-build
Performing post-build steps
arm-none-eabi-size CG2028AssignS2AY2021.axf; # arm-none-eabi-objcopy -O ihex CG2028AssignS2AY2021.axf CG2028AssignS2AY2021.hex ;
   text	   data	    bss	    dec	    hex	filename
  12792	      0	    512	  13304	   33f8	CG2028AssignS2AY2021.axf
 
17:51:14 **** Incremental Build of configuration Debug for project Lib_CMSISv1p30_LPC17xx ****
make all 
make: Nothing to be done for `all'.
17:51:16 **** Incremental Build of configuration Debug for project CG2028AssignS2AY2021 ****
make all 
make: Nothing to be done for `all'.
17:53:01 **** Incremental Build of configuration Debug for project Lib_CMSISv1p30_LPC17xx ****
make all 
make: Nothing to be done for `all'.
17:53:02 **** Incremental Build of configuration Debug for project CG2028AssignS2AY2021 ****
make all 
make: Nothing to be done for `all'.
17:53:28 **** Incremental Build of configuration Debug for project Lib_CMSISv1p30_LPC17xx ****
make all 
make: Nothing to be done for `all'.
17:53:29 **** Incremental Build of configuration Debug for project CG2028AssignS2AY2021 ****
make all 
make: Nothing to be done for `all'.
17:54:03 **** Incremental Build of configuration Debug for project Lib_CMSISv1p30_LPC17xx ****
make all 
make: Nothing to be done for `all'.
17:54:05 **** Incremental Build of configuration Debug for project CG2028AssignS2AY2021 ****
make all 
make: Nothing to be done for `all'.
17:54:13 **** Incremental Build of configuration Debug for project Lib_CMSISv1p30_LPC17xx ****
make all 
make: Nothing to be done for `all'.
17:54:14 **** Incremental Build of configuration Debug for project CG2028AssignS2AY2021 ****
make all 
make: Nothing to be done for `all'.
17:54:27 **** Incremental Build of configuration Debug for project Lib_CMSISv1p30_LPC17xx ****
make all 
make: Nothing to be done for `all'.
17:54:28 **** Incremental Build of configuration Debug for project CG2028AssignS2AY2021 ****
make all 
make: Nothing to be done for `all'.
17:58:40 **** Incremental Build of configuration Debug for project Lib_CMSISv1p30_LPC17xx ****
make all 
make: Nothing to be done for `all'.
17:58:41 **** Incremental Build of configuration Debug for project CG2028AssignS2AY2021 ****
make all 
Building file: ../src/iir.s
Invoking: MCU Assembler
arm-none-eabi-gcc -c -x assembler-with-cpp -DDEBUG -D__CODE_RED -D__REDLIB__ -g3 -mcpu=cortex-m3 -mthumb -o"src/iir.o" "../src/iir.s"
Finished building: ../src/iir.s
 
Building target: CG2028AssignS2AY2021.axf
Invoking: MCU Linker
arm-none-eabi-gcc -nostdlib -L"C:\Users\Razer\Documents\LPCXpresso_6.1.4_194\workspace1\Lib_CMSISv1p30_LPC17xx\Debug" -Xlinker --gc-sections -Xlinker -Map=CG2028AssignS2AY2021.map -mcpu=cortex-m3 -mthumb -T "CG2028AssignS2AY2021_Debug.ld" -o"CG2028AssignS2AY2021.axf"  ./src/cr_startup_lpc17.o ./src/iir.o ./src/main.o   -lCMSISv1p30_LPC17xx
Finished building target: CG2028AssignS2AY2021.axf
 
make --no-print-directory post-build
Performing post-build steps
arm-none-eabi-size CG2028AssignS2AY2021.axf; # arm-none-eabi-objcopy -O ihex CG2028AssignS2AY2021.axf CG2028AssignS2AY2021.hex ;
   text	   data	    bss	    dec	    hex	filename
  12800	      0	    512	  13312	   3400	CG2028AssignS2AY2021.axf
 
18:00:35 **** Incremental Build of configuration Debug for project Lib_CMSISv1p30_LPC17xx ****
make all 
make: Nothing to be done for `all'.
18:00:36 **** Incremental Build of configuration Debug for project CG2028AssignS2AY2021 ****
make all 
Building file: ../src/iir.s
Invoking: MCU Assembler
arm-none-eabi-gcc -c -x assembler-with-cpp -DDEBUG -D__CODE_RED -D__REDLIB__ -g3 -mcpu=cortex-m3 -mthumb -o"src/iir.o" "../src/iir.s"
Finished building: ../src/iir.s
 
Building target: CG2028AssignS2AY2021.axf
Invoking: MCU Linker
arm-none-eabi-gcc -nostdlib -L"C:\Users\Razer\Documents\LPCXpresso_6.1.4_194\workspace1\Lib_CMSISv1p30_LPC17xx\Debug" -Xlinker --gc-sections -Xlinker -Map=CG2028AssignS2AY2021.map -mcpu=cortex-m3 -mthumb -T "CG2028AssignS2AY2021_Debug.ld" -o"CG2028AssignS2AY2021.axf"  ./src/cr_startup_lpc17.o ./src/iir.o ./src/main.o   -lCMSISv1p30_LPC17xx
Finished building target: CG2028AssignS2AY2021.axf
 
make --no-print-directory post-build
Performing post-build steps
arm-none-eabi-size CG2028AssignS2AY2021.axf; # arm-none-eabi-objcopy -O ihex CG2028AssignS2AY2021.axf CG2028AssignS2AY2021.hex ;
   text	   data	    bss	    dec	    hex	filename
  12792	      0	    512	  13304	   33f8	CG2028AssignS2AY2021.axf
 
18:04:36 **** Incremental Build of configuration Debug for project Lib_CMSISv1p30_LPC17xx ****
make all 
make: Nothing to be done for `all'.
18:04:37 **** Incremental Build of configuration Debug for project CG2028AssignS2AY2021 ****
make all 
Building file: ../src/iir.s
Invoking: MCU Assembler
arm-none-eabi-gcc -c -x assembler-with-cpp -DDEBUG -D__CODE_RED -D__REDLIB__ -g3 -mcpu=cortex-m3 -mthumb -o"src/iir.o" "../src/iir.s"
Finished building: ../src/iir.s
 
Building target: CG2028AssignS2AY2021.axf
Invoking: MCU Linker
arm-none-eabi-gcc -nostdlib -L"C:\Users\Razer\Documents\LPCXpresso_6.1.4_194\workspace1\Lib_CMSISv1p30_LPC17xx\Debug" -Xlinker --gc-sections -Xlinker -Map=CG2028AssignS2AY2021.map -mcpu=cortex-m3 -mthumb -T "CG2028AssignS2AY2021_Debug.ld" -o"CG2028AssignS2AY2021.axf"  ./src/cr_startup_lpc17.o ./src/iir.o ./src/main.o   -lCMSISv1p30_LPC17xx
Finished building target: CG2028AssignS2AY2021.axf
 
make --no-print-directory post-build
Performing post-build steps
arm-none-eabi-size CG2028AssignS2AY2021.axf; # arm-none-eabi-objcopy -O ihex CG2028AssignS2AY2021.axf CG2028AssignS2AY2021.hex ;
   text	   data	    bss	    dec	    hex	filename
  12792	      0	    512	  13304	   33f8	CG2028AssignS2AY2021.axf
 
19:32:36 **** Incremental Build of configuration Debug for project Lib_CMSISv1p30_LPC17xx ****
make all 
make: Nothing to be done for `all'.
19:32:37 **** Incremental Build of configuration Debug for project CG2028AssignS2AY2021 ****
make all 
Building file: ../src/iir.s
Invoking: MCU Assembler
arm-none-eabi-gcc -c -x assembler-with-cpp -DDEBUG -D__CODE_RED -D__REDLIB__ -g3 -mcpu=cortex-m3 -mthumb -o"src/iir.o" "../src/iir.s"
Finished building: ../src/iir.s
 
Building target: CG2028AssignS2AY2021.axf
Invoking: MCU Linker
arm-none-eabi-gcc -nostdlib -L"C:\Users\Razer\Documents\LPCXpresso_6.1.4_194\workspace1\Lib_CMSISv1p30_LPC17xx\Debug" -Xlinker --gc-sections -Xlinker -Map=CG2028AssignS2AY2021.map -mcpu=cortex-m3 -mthumb -T "CG2028AssignS2AY2021_Debug.ld" -o"CG2028AssignS2AY2021.axf"  ./src/cr_startup_lpc17.o ./src/iir.o ./src/main.o   -lCMSISv1p30_LPC17xx
Finished building target: CG2028AssignS2AY2021.axf
 
make --no-print-directory post-build
Performing post-build steps
arm-none-eabi-size CG2028AssignS2AY2021.axf; # arm-none-eabi-objcopy -O ihex CG2028AssignS2AY2021.axf CG2028AssignS2AY2021.hex ;
   text	   data	    bss	    dec	    hex	filename
  12784	      0	    512	  13296	   33f0	CG2028AssignS2AY2021.axf
 
19:34:25 **** Incremental Build of configuration Debug for project Lib_CMSISv1p30_LPC17xx ****
make all 
make: Nothing to be done for `all'.
19:34:26 **** Incremental Build of configuration Debug for project CG2028AssignS2AY2021 ****
make all 
make: Nothing to be done for `all'.
19:34:40 **** Incremental Build of configuration Debug for project Lib_CMSISv1p30_LPC17xx ****
make all 
make: Nothing to be done for `all'.
19:34:42 **** Incremental Build of configuration Debug for project CG2028AssignS2AY2021 ****
make all 
make: Nothing to be done for `all'.
19:34:55 **** Incremental Build of configuration Debug for project Lib_CMSISv1p30_LPC17xx ****
make all 
make: Nothing to be done for `all'.
19:34:56 **** Incremental Build of configuration Debug for project CG2028AssignS2AY2021 ****
make all 
make: Nothing to be done for `all'.
19:35:13 **** Incremental Build of configuration Debug for project Lib_CMSISv1p30_LPC17xx ****
make all 
make: Nothing to be done for `all'.
19:35:14 **** Incremental Build of configuration Debug for project CG2028AssignS2AY2021 ****
make all 
make: Nothing to be done for `all'.
19:36:01 **** Incremental Build of configuration Debug for project Lib_CMSISv1p30_LPC17xx ****
make all 
make: Nothing to be done for `all'.
19:36:03 **** Incremental Build of configuration Debug for project CG2028AssignS2AY2021 ****
make all 
make: Nothing to be done for `all'.
19:36:15 **** Incremental Build of configuration Debug for project Lib_CMSISv1p30_LPC17xx ****
make all 
make: Nothing to be done for `all'.
19:36:17 **** Incremental Build of configuration Debug for project CG2028AssignS2AY2021 ****
make all 
make: Nothing to be done for `all'.
19:36:29 **** Incremental Build of configuration Debug for project Lib_CMSISv1p30_LPC17xx ****
make all 
make: Nothing to be done for `all'.
19:36:31 **** Incremental Build of configuration Debug for project CG2028AssignS2AY2021 ****
make all 
make: Nothing to be done for `all'.
19:46:06 **** Incremental Build of configuration Debug for project Lib_CMSISv1p30_LPC17xx ****
make all 
make: Nothing to be done for `all'.
19:46:07 **** Incremental Build of configuration Debug for project CG2028AssignS2AY2021 ****
make all 
make: Nothing to be done for `all'.
19:52:12 **** Incremental Build of configuration Debug for project Lib_CMSISv1p30_LPC17xx ****
make all 
make: Nothing to be done for `all'.
19:52:14 **** Incremental Build of configuration Debug for project CG2028AssignS2AY2021 ****
make all 
make: Nothing to be done for `all'.
19:53:34 **** Incremental Build of configuration Debug for project Lib_CMSISv1p30_LPC17xx ****
make all 
make: Nothing to be done for `all'.
19:53:36 **** Incremental Build of configuration Debug for project CG2028AssignS2AY2021 ****
make all 
make: Nothing to be done for `all'.
19:59:10 **** Incremental Build of configuration Debug for project Lib_CMSISv1p30_LPC17xx ****
make all 
make: Nothing to be done for `all'.
19:59:12 **** Incremental Build of configuration Debug for project CG2028AssignS2AY2021 ****
make all 
Building file: ../src/iir.s
Invoking: MCU Assembler
arm-none-eabi-gcc -c -x assembler-with-cpp -DDEBUG -D__CODE_RED -D__REDLIB__ -g3 -mcpu=cortex-m3 -mthumb -o"src/iir.o" "../src/iir.s"
Finished building: ../src/iir.s
 
Building target: CG2028AssignS2AY2021.axf
Invoking: MCU Linker
arm-none-eabi-gcc -nostdlib -L"C:\Users\Razer\Documents\LPCXpresso_6.1.4_194\workspace1\Lib_CMSISv1p30_LPC17xx\Debug" -Xlinker --gc-sections -Xlinker -Map=CG2028AssignS2AY2021.map -mcpu=cortex-m3 -mthumb -T "CG2028AssignS2AY2021_Debug.ld" -o"CG2028AssignS2AY2021.axf"  ./src/cr_startup_lpc17.o ./src/iir.o ./src/main.o   -lCMSISv1p30_LPC17xx
Finished building target: CG2028AssignS2AY2021.axf
 
make --no-print-directory post-build
Performing post-build steps
arm-none-eabi-size CG2028AssignS2AY2021.axf; # arm-none-eabi-objcopy -O ihex CG2028AssignS2AY2021.axf CG2028AssignS2AY2021.hex ;
   text	   data	    bss	    dec	    hex	filename
  12784	      0	    512	  13296	   33f0	CG2028AssignS2AY2021.axf
 
20:35:04 **** Incremental Build of configuration Debug for project Lib_CMSISv1p30_LPC17xx ****
make all 
make: Nothing to be done for `all'.
20:35:06 **** Incremental Build of configuration Debug for project CG2028AssignS2AY2021 ****
make all 
Building file: ../src/main.c
Invoking: MCU C Compiler
arm-none-eabi-gcc -DDEBUG -D__CODE_RED -D__REDLIB__ -D__USE_CMSIS=CMSISv1p30_LPC17xx -I"C:\Users\Razer\Documents\LPCXpresso_6.1.4_194\workspace1\Lib_CMSISv1p30_LPC17xx\inc" -O0 -g3 -Wall -c -fmessage-length=0 -fno-builtin -ffunction-sections -Wa,-ahlnds=main.asm -mcpu=cortex-m3 -mthumb -MMD -MP -MF"src/main.d" -MT"src/main.d" -o"src/main.o" "../src/main.c"
../src/main.c: In function 'iir_c':
../src/main.c:56:6: warning: unused variable 'k' [-Wunused-variable]
Finished building: ../src/main.c
 
Building target: CG2028AssignS2AY2021.axf
Invoking: MCU Linker
arm-none-eabi-gcc -nostdlib -L"C:\Users\Razer\Documents\LPCXpresso_6.1.4_194\workspace1\Lib_CMSISv1p30_LPC17xx\Debug" -Xlinker --gc-sections -Xlinker -Map=CG2028AssignS2AY2021.map -mcpu=cortex-m3 -mthumb -T "CG2028AssignS2AY2021_Debug.ld" -o"CG2028AssignS2AY2021.axf"  ./src/cr_startup_lpc17.o ./src/iir.o ./src/main.o   -lCMSISv1p30_LPC17xx
Finished building target: CG2028AssignS2AY2021.axf
 
make --no-print-directory post-build
Performing post-build steps
arm-none-eabi-size CG2028AssignS2AY2021.axf; # arm-none-eabi-objcopy -O ihex CG2028AssignS2AY2021.axf CG2028AssignS2AY2021.hex ;
   text	   data	    bss	    dec	    hex	filename
  12784	      0	    512	  13296	   33f0	CG2028AssignS2AY2021.axf
 
20:37:50 **** Incremental Build of configuration Debug for project Lib_CMSISv1p30_LPC17xx ****
make all 
make: Nothing to be done for `all'.
20:37:51 **** Incremental Build of configuration Debug for project CG2028AssignS2AY2021 ****
make all 
Building file: ../src/main.c
Invoking: MCU C Compiler
arm-none-eabi-gcc -DDEBUG -D__CODE_RED -D__REDLIB__ -D__USE_CMSIS=CMSISv1p30_LPC17xx -I"C:\Users\Razer\Documents\LPCXpresso_6.1.4_194\workspace1\Lib_CMSISv1p30_LPC17xx\inc" -O0 -g3 -Wall -c -fmessage-length=0 -fno-builtin -ffunction-sections -Wa,-ahlnds=main.asm -mcpu=cortex-m3 -mthumb -MMD -MP -MF"src/main.d" -MT"src/main.d" -o"src/main.o" "../src/main.c"
Finished building: ../src/main.c
 
Building target: CG2028AssignS2AY2021.axf
Invoking: MCU Linker
arm-none-eabi-gcc -nostdlib -L"C:\Users\Razer\Documents\LPCXpresso_6.1.4_194\workspace1\Lib_CMSISv1p30_LPC17xx\Debug" -Xlinker --gc-sections -Xlinker -Map=CG2028AssignS2AY2021.map -mcpu=cortex-m3 -mthumb -T "CG2028AssignS2AY2021_Debug.ld" -o"CG2028AssignS2AY2021.axf"  ./src/cr_startup_lpc17.o ./src/iir.o ./src/main.o   -lCMSISv1p30_LPC17xx
Finished building target: CG2028AssignS2AY2021.axf
 
make --no-print-directory post-build
Performing post-build steps
arm-none-eabi-size CG2028AssignS2AY2021.axf; # arm-none-eabi-objcopy -O ihex CG2028AssignS2AY2021.axf CG2028AssignS2AY2021.hex ;
   text	   data	    bss	    dec	    hex	filename
  12624	      0	    512	  13136	   3350	CG2028AssignS2AY2021.axf
 
20:47:24 **** Incremental Build of configuration Debug for project Lib_CMSISv1p30_LPC17xx ****
make all 
make: Nothing to be done for `all'.
20:47:26 **** Incremental Build of configuration Debug for project CG2028AssignS2AY2021 ****
make all 
Building file: ../src/iir.s
Invoking: MCU Assembler
arm-none-eabi-gcc -c -x assembler-with-cpp -DDEBUG -D__CODE_RED -D__REDLIB__ -g3 -mcpu=cortex-m3 -mthumb -o"src/iir.o" "../src/iir.s"
Finished building: ../src/iir.s
 
Building target: CG2028AssignS2AY2021.axf
Invoking: MCU Linker
arm-none-eabi-gcc -nostdlib -L"C:\Users\Razer\Documents\LPCXpresso_6.1.4_194\workspace1\Lib_CMSISv1p30_LPC17xx\Debug" -Xlinker --gc-sections -Xlinker -Map=CG2028AssignS2AY2021.map -mcpu=cortex-m3 -mthumb -T "CG2028AssignS2AY2021_Debug.ld" -o"CG2028AssignS2AY2021.axf"  ./src/cr_startup_lpc17.o ./src/iir.o ./src/main.o   -lCMSISv1p30_LPC17xx
Finished building target: CG2028AssignS2AY2021.axf
 
make --no-print-directory post-build
Performing post-build steps
arm-none-eabi-size CG2028AssignS2AY2021.axf; # arm-none-eabi-objcopy -O ihex CG2028AssignS2AY2021.axf CG2028AssignS2AY2021.hex ;
   text	   data	    bss	    dec	    hex	filename
  12624	      0	    512	  13136	   3350	CG2028AssignS2AY2021.axf
 
20:56:34 **** Incremental Build of configuration Debug for project Lib_CMSISv1p30_LPC17xx ****
make all 
make: Nothing to be done for `all'.
20:56:36 **** Incremental Build of configuration Debug for project CG2028AssignS2AY2021 ****
make all 
make: Nothing to be done for `all'.
21:01:26 **** Incremental Build of configuration Debug for project Lib_CMSISv1p30_LPC17xx ****
make all 
make: Nothing to be done for `all'.
21:01:28 **** Incremental Build of configuration Debug for project CG2028AssignS2AY2021 ****
make all 
make: Nothing to be done for `all'.
21:02:20 **** Incremental Build of configuration Debug for project Lib_CMSISv1p30_LPC17xx ****
make all 
make: Nothing to be done for `all'.
21:02:21 **** Incremental Build of configuration Debug for project CG2028AssignS2AY2021 ****
make all 
make: Nothing to be done for `all'.
